Component: ARM Compiler 5.06 update 6 (build 750) Tool: armlink [4d35ed]

==============================================================================

Section Cross References

    startup_stm32f103xb.o(STACK) refers (Special) to heapauxi.o(.text) for __use_two_region_memory
    startup_stm32f103xb.o(HEAP) refers (Special) to heapauxi.o(.text) for __use_two_region_memory
    startup_stm32f103xb.o(RESET) refers (Special) to heapauxi.o(.text) for __use_two_region_memory
    startup_stm32f103xb.o(RESET) refers to startup_stm32f103xb.o(STACK) for __initial_sp
    startup_stm32f103xb.o(RESET) refers to startup_stm32f103xb.o(.text) for Reset_Handler
    startup_stm32f103xb.o(RESET) refers to stm32f1xx_it.o(i.NMI_Handler) for NMI_Handler
    startup_stm32f103xb.o(RESET) refers to stm32f1xx_it.o(i.HardFault_Handler) for HardFault_Handler
    startup_stm32f103xb.o(RESET) refers to stm32f1xx_it.o(i.MemManage_Handler) for MemManage_Handler
    startup_stm32f103xb.o(RESET) refers to stm32f1xx_it.o(i.BusFault_Handler) for BusFault_Handler
    startup_stm32f103xb.o(RESET) refers to stm32f1xx_it.o(i.UsageFault_Handler) for UsageFault_Handler
    startup_stm32f103xb.o(RESET) refers to stm32f1xx_it.o(i.SVC_Handler) for SVC_Handler
    startup_stm32f103xb.o(RESET) refers to stm32f1xx_it.o(i.DebugMon_Handler) for DebugMon_Handler
    startup_stm32f103xb.o(RESET) refers to stm32f1xx_it.o(i.PendSV_Handler) for PendSV_Handler
    startup_stm32f103xb.o(RESET) refers to stm32f1xx_it.o(i.SysTick_Handler) for SysTick_Handler
    startup_stm32f103xb.o(RESET) refers to main.o(i.EXTI4_IRQHandler) for EXTI4_IRQHandler
    startup_stm32f103xb.o(RESET) refers to main.o(i.EXTI9_5_IRQHandler) for EXTI9_5_IRQHandler
    startup_stm32f103xb.o(RESET) refers to stm32f1xx_it.o(i.TIM2_IRQHandler) for TIM2_IRQHandler
    startup_stm32f103xb.o(RESET) refers to stm32f1xx_it.o(i.TIM4_IRQHandler) for TIM4_IRQHandler
    startup_stm32f103xb.o(RESET) refers to stm32f1xx_it.o(i.USART1_IRQHandler) for USART1_IRQHandler
    startup_stm32f103xb.o(.text) refers (Special) to heapauxi.o(.text) for __use_two_region_memory
    startup_stm32f103xb.o(.text) refers to system_stm32f1xx.o(i.SystemInit) for SystemInit
    startup_stm32f103xb.o(.text) refers to __main.o(!!!main) for __main
    startup_stm32f103xb.o(.text) refers to startup_stm32f103xb.o(HEAP) for Heap_Mem
    startup_stm32f103xb.o(.text) refers to startup_stm32f103xb.o(STACK) for Stack_Mem
    main.o(i.Average_5_time) refers to faddsub_clz.o(x$fpl$fadd) for __aeabi_fadd
    main.o(i.Average_5_time) refers to fdiv.o(x$fpl$fdiv) for __aeabi_fdiv
    main.o(i.EXTI4_IRQHandler) refers to stm32f1xx_hal_gpio.o(i.HAL_GPIO_ReadPin) for HAL_GPIO_ReadPin
    main.o(i.EXTI4_IRQHandler) refers to stm32f1xx_hal_gpio.o(i.HAL_GPIO_EXTI_IRQHandler) for HAL_GPIO_EXTI_IRQHandler
    main.o(i.EXTI4_IRQHandler) refers to main.o(.data) for .data
    main.o(i.EXTI9_5_IRQHandler) refers to stm32f1xx_hal_gpio.o(i.HAL_GPIO_ReadPin) for HAL_GPIO_ReadPin
    main.o(i.EXTI9_5_IRQHandler) refers to stm32f1xx_hal_gpio.o(i.HAL_GPIO_EXTI_IRQHandler) for HAL_GPIO_EXTI_IRQHandler
    main.o(i.EXTI9_5_IRQHandler) refers to main.o(.data) for .data
    main.o(i.HAL_TIM_PeriodElapsedCallback) refers to dflt_clz.o(x$fpl$dflt) for __aeabi_i2d
    main.o(i.HAL_TIM_PeriodElapsedCallback) refers to dmul.o(x$fpl$dmul) for __aeabi_dmul
    main.o(i.HAL_TIM_PeriodElapsedCallback) refers to ddiv.o(x$fpl$ddiv) for __aeabi_ddiv
    main.o(i.HAL_TIM_PeriodElapsedCallback) refers to d2f.o(x$fpl$d2f) for __aeabi_d2f
    main.o(i.HAL_TIM_PeriodElapsedCallback) refers to main.o(i.Average_5_time) for Average_5_time
    main.o(i.HAL_TIM_PeriodElapsedCallback) refers to ffixu.o(x$fpl$ffixu) for __aeabi_f2uiz
    main.o(i.HAL_TIM_PeriodElapsedCallback) refers to stm32f1xx_hal_uart.o(i.HAL_UART_Transmit) for HAL_UART_Transmit
    main.o(i.HAL_TIM_PeriodElapsedCallback) refers to main.o(.data) for .data
    main.o(i.HAL_TIM_PeriodElapsedCallback) refers to main.o(.bss) for .bss
    main.o(i.HAL_UART_RxCpltCallback) refers to ffixu.o(x$fpl$ffixu) for __aeabi_f2uiz
    main.o(i.HAL_UART_RxCpltCallback) refers to stm32f1xx_hal_uart.o(i.HAL_UART_Transmit) for HAL_UART_Transmit
    main.o(i.HAL_UART_RxCpltCallback) refers to main.o(.data) for .data
    main.o(i.HAL_UART_RxCpltCallback) refers to main.o(.bss) for .bss
    main.o(i.MX_GPIO_Init) refers to stm32f1xx_hal_gpio.o(i.HAL_GPIO_WritePin) for HAL_GPIO_WritePin
    main.o(i.MX_GPIO_Init) refers to stm32f1xx_hal_gpio.o(i.HAL_GPIO_Init) for HAL_GPIO_Init
    main.o(i.MX_GPIO_Init) refers to stm32f1xx_hal_cortex.o(i.HAL_NVIC_SetPriority) for HAL_NVIC_SetPriority
    main.o(i.MX_GPIO_Init) refers to stm32f1xx_hal_cortex.o(i.HAL_NVIC_EnableIRQ) for HAL_NVIC_EnableIRQ
    main.o(i.MX_TIM2_Init) refers to rt_memclr_w.o(.text) for __aeabi_memclr4
    main.o(i.MX_TIM2_Init) refers to stm32f1xx_hal_tim.o(i.HAL_TIM_PWM_Init) for HAL_TIM_PWM_Init
[...]
    ../fplib/faddsub.s                       0x00000000   Number         0  faddsub_clz.o ABSOLUTE
    ../fplib/fdiv.s                          0x00000000   Number         0  fdiv.o ABSOLUTE
    ../fplib/ffixu.s                         0x00000000   Number         0  ffixu.o ABSOLUTE
    ../fplib/fnaninf.s                       0x00000000   Number         0  fnaninf.o ABSOLUTE
    ../fplib/fpinit.s                        0x00000000   Number         0  fpinit.o ABSOLUTE
    ../fplib/fretinf.s                       0x00000000   Number         0  fretinf.o ABSOLUTE
    ../fplib/usenofp.s                       0x00000000   Number         0  usenofp.o ABSOLUTE
    ..\Core\Src\main.c                       0x00000000   Number         0  main.o ABSOLUTE
    ..\Core\Src\stm32f1xx_hal_msp.c          0x00000000   Number         0  stm32f1xx_hal_msp.o ABSOLUTE
    ..\Core\Src\stm32f1xx_it.c               0x00000000   Number         0  stm32f1xx_it.o ABSOLUTE
    ..\Core\Src\system_stm32f1xx.c           0x00000000   Number         0  system_stm32f1xx.o ABSOLUTE
    ..\Drivers\STM32F1xx_HAL_Driver\Src\stm32f1xx_hal.c 0x00000000   Number         0  stm32f1xx_hal.o ABSOLUTE
    ..\Drivers\STM32F1xx_HAL_Driver\Src\stm32f1xx_hal_cortex.c 0x00000000   Number         0  stm32f1xx_hal_cortex.o ABSOLUTE
    ..\Drivers\STM32F1xx_HAL_Driver\Src\stm32f1xx_hal_dma.c 0x00000000   Number         0  stm32f1xx_hal_dma.o ABSOLUTE
    ..\Drivers\STM32F1xx_HAL_Driver\Src\stm32f1xx_hal_exti.c 0x00000000   Number         0  stm32f1xx_hal_exti.o ABSOLUTE
    ..\Drivers\STM32F1xx_HAL_Driver\Src\stm32f1xx_hal_flash.c 0x00000000   Number         0  stm32f1xx_hal_flash.o ABSOLUTE
    ..\Drivers\STM32F1xx_HAL_Driver\Src\stm32f1xx_hal_flash_ex.c 0x00000000   Number         0  stm32f1xx_hal_flash_ex.o ABSOLUTE
    ..\Drivers\STM32F1xx_HAL_Driver\Src\stm32f1xx_hal_gpio.c 0x00000000   Number         0  stm32f1xx_hal_gpio.o ABSOLUTE
    ..\Drivers\STM32F1xx_HAL_Driver\Src\stm32f1xx_hal_gpio_ex.c 0x00000000   Number         0  stm32f1xx_hal_gpio_ex.o ABSOLUTE
    ..\Drivers\STM32F1xx_HAL_Driver\Src\stm32f1xx_hal_pwr.c 0x00000000   Number         0  stm32f1xx_hal_pwr.o ABSOLUTE
    ..\Drivers\STM32F1xx_HAL_Driver\Src\stm32f1xx_hal_rcc.c 0x00000000   Number         0  stm32f1xx_hal_rcc.o ABSOLUTE
    ..\Drivers\STM32F1xx_HAL_Driver\Src\stm32f1xx_hal_rcc_ex.c 0x00000000   Number         0  stm32f1xx_hal_rcc_ex.o ABSOLUTE
    ..\Drivers\STM32F1xx_HAL_Driver\Src\stm32f1xx_hal_tim.c 0x00000000   Number         0  stm32f1xx_hal_tim.o ABSOLUTE
    ..\Drivers\STM32F1xx_HAL_Driver\Src\stm32f1xx_hal_tim_ex.c 0x00000000   Number         0  stm32f1xx_hal_tim_ex.o ABSOLUTE
    ..\Drivers\STM32F1xx_HAL_Driver\Src\stm32f1xx_hal_uart.c 0x00000000   Number         0  stm32f1xx_hal_uart.o ABSOLUTE
    dc.s                                     0x00000000   Number         0  dc.o ABSOLUTE
    startup_stm32f103xb.s                    0x00000000   Number         0  startup_stm32f103xb.o ABSOLUTE
    RESET                                    0x08000000   Section      236  startup_stm32f103xb.o(RESET)
    !!!main                                  0x080000ec   Section        8  __main.o(!!!main)
    !!!scatter                               0x080000f4   Section       52  __scatter.o(!!!scatter)
    !!handler_copy                           0x08000128   Section       26  __scatter_copy.o(!!handler_copy)
    !!handler_zi                             0x08000144   Section       28  __scatter_zi.o(!!handler_zi)
    .ARM.Collect$$libinit$$00000000          0x08000160   Section        2  libinit.o(.ARM.Collect$$libinit$$00000000)
    .ARM.Collect$$libinit$$00000002          0x08000162   Section        0  libinit2.o(.ARM.Collect$$libinit$$00000002)
    .ARM.Collect$$libinit$$00000004          0x08000162   Section        0  libinit2.o(.ARM.Collect$$libinit$$00000004)
    .ARM.Collect$$libinit$$00000005          0x08000162   Section        8  libinit2.o(.ARM.Collect$$libinit$$00000005)
    .ARM.Collect$$libinit$$0000000A          0x0800016a   Section        0  libinit2.o(.ARM.Collect$$libinit$$0000000A)
    .ARM.Collect$$libinit$$0000000C          0x0800016a   Section        0  libinit2.o(.ARM.Collect$$libinit$$0000000C)
    .ARM.Collect$$libinit$$0000000E          0x0800016a   Section        0  libinit2.o(.ARM.Collect$$libinit$$0000000E)
    .ARM.Collect$$libinit$$00000011          0x0800016a   Section        0  libinit2.o(.ARM.Collect$$libinit$$00000011)
    .ARM.Collect$$libinit$$00000013          0x0800016a   Section        0  libinit2.o(.ARM.Collect$$libinit$$00000013)
    .ARM.Collect$$libinit$$00000015          0x0800016a   Section        0  libinit2.o(.ARM.Collect$$libinit$$00000015)
    .ARM.Collect$$libinit$$00000017          0x0800016a   Section        0  libinit2.o(.ARM.Collect$$libinit$$00000017)
    .ARM.Collect$$libinit$$00000019          0x0800016a   Section        0  libinit2.o(.ARM.Collect$$libinit$$00000019)
    .ARM.Collect$$libinit$$0000001B          0x0800016a   Section        0  libinit2.o(.ARM.Collect$$libinit$$0000001B)
    .ARM.Collect$$libinit$$0000001D          0x0800016a   Section        0  libinit2.o(.ARM.Collect$$libinit$$0000001D)
    .ARM.Collect$$libinit$$0000001F          0x0800016a   Section        0  libinit2.o(.ARM.Collect$$libinit$$0000001F)
    .ARM.Collect$$libinit$$00000021          0x0800016a   Section        0  libinit2.o(.ARM.Collect$$libinit$$00000021)
    .ARM.Collect$$libinit$$00000023          0x0800016a   Section        0  libinit2.o(.ARM.Collect$$libinit$$00000023)
    .ARM.Collect$$libinit$$00000024          0x0800016a   Section        4  libinit2.o(.ARM.Collect$$libinit$$00000024)
    .ARM.Collect$$libinit$$00000025          0x0800016e   Section        0  libinit2.o(.ARM.Collect$$libinit$$00000025)
    .ARM.Collect$$libinit$$0000002C          0x0800016e   Section        0  libinit2.o(.ARM.Collect$$libinit$$0000002C)
    .ARM.Collect$$libinit$$0000002E          0x0800016e   Section        0  libinit2.o(.ARM.Collect$$libinit$$0000002E)
    .ARM.Collect$$libinit$$00000030          0x0800016e   Section        0  libinit2.o(.ARM.Collect$$libinit$$00000030)
    .ARM.Collect$$libinit$$00000032          0x0800016e   Section        0  libinit2.o(.ARM.Collect$$libinit$$00000032)
    .ARM.Collect$$libinit$$00000033          0x0800016e   Section        2  libinit2.o(.ARM.Collect$$libinit$$00000033)
    .ARM.Collect$$libshutdown$$00000000      0x08000170   Section        2  libshutdown.o(.ARM.Collect$$libshutdown$$00000000)
    .ARM.Collect$$libshutdown$$00000002      0x08000172   Section        0  libshutdown2.o(.ARM.Collect$$libshutdown$$00000002)
    .ARM.Collect$$libshutdown$$00000003      0x08000172   Section        4  libshutdown2.o(.ARM.Collect$$libshutdown$$00000003)
    .ARM.Collect$$libshutdown$$00000004      0x08000176   Section        0  libshutdown2.o(.ARM.Collect$$libshutdown$$00000004)
    .ARM.Collect$$libshutdown$$00000007      0x08000176   Section        0  libshutdown2.o(.ARM.Collect$$libshutdown$$00000007)
    .ARM.Collect$$libshutdown$$0000000A      0x08000176   Section        0  libshutdown2.o(.ARM.Collect$$libshutdown$$0000000A)
    .ARM.Collect$$libshutdown$$0000000C      0x08000176   Section        0  libshutdown2.o(.ARM.Collect$$libshutdown$$0000000C)
    .ARM.Collect$$libshutdown$$0000000F      0x08000176   Section        0  libshutdown2.o(.ARM.Collect$$libshutdown$$0000000F)
    .ARM.Collect$$libshutdown$$00000010      0x08000176   Section        2  libshutdown2.o(.ARM.Collect$$libshutdown$$00000010)
    .ARM.Collect$$rtentry$$00000000          0x08000178   Section        0  __rtentry.o(.ARM.Collect$$rtentry$$00000000)
    .ARM.Collect$$rtentry$$00000002          0x08000178   Section        0  __rtentry2.o(.ARM.Collect$$rtentry$$00000002)
    .ARM.Collect$$rtentry$$00000004          0x08000178   Section        6  __rtentry4.o(.ARM.Collect$$rtentry$$00000004)
    .ARM.Collect$$rtentry$$00000009          0x0800017e   Section        0  __rtentry2.o(.ARM.Collect$$rtentry$$00000009)
    .ARM.Collect$$rtentry$$0000000A          0x0800017e   Section        4  __rtentry2.o(.ARM.Collect$$rtentry$$0000000A)
    .ARM.Collect$$rtentry$$0000000C          0x08000182   Section        0  __rtentry2.o(.ARM.Collect$$rtentry$$0000000C)
    .ARM.Collect$$rtentry$$0000000D          0x08000182   Section        8  __rtentry2.o(.ARM.Collect$$rtentry$$0000000D)
    .ARM.Collect$$rtexit$$00000000           0x0800018a   Section        2  rtexit.o(.ARM.Collect$$rtexit$$00000000)
    .ARM.Collect$$rtexit$$00000002           0x0800018c   Section        0  rtexit2.o(.ARM.Collect$$rtexit$$00000002)
    .ARM.Collect$$rtexit$$00000003           0x0800018c   Section        4  rtexit2.o(.ARM.Collect$$rtexit$$00000003)
    .ARM.Collect$$rtexit$$00000004           0x08000190   Section        6  rtexit2.o(.ARM.Collect$$rtexit$$00000004)
    .emb_text                                0x08000198   Section        0  maybetermalloc1.o(.emb_text)
    .text                                    0x08000198   Section       64  startup_stm32f103xb.o(.text)
    .text                                    0x080001d8   Section        0  noretval__2printf.o(.text)
    .text                                    0x080001f0   Section       78  rt_memclr_w.o(.text)
    .text                                    0x0800023e   Section        0  heapauxi.o(.text)
    .text                                    0x08000244   Section        0  _printf_char_file.o(.text)
    .text                                    0x08000268   Section        0  _printf_char_common.o(.text)
    _printf_input_char                       0x08000269   Thumb Code    10  _printf_char_common.o(.text)
    .text                                    0x08000298   Section        0  ferror.o(.text)
    .text                                    0x080002a0   Section        0  initio.o(.text)
    .text                                    0x080003d8   Section        0  sys_io.o(.text)
    .text                                    0x0800043e   Section       74  sys_stackheap_outer.o(.text)
    .text                                    0x08000488   Section        0  h1_free.o(.text)
    .text                                    0x080004d6   Section        0  __printf_nopercent.o(.text)
    .text                                    0x080004fe   Section        0  setvbuf.o(.text)
    .text                                    0x08000544   Section        0  fopen.o(.text)
    _freopen_locked                          0x08000545   Thumb Code     0  fopen.o(.text)
    .text                                    0x08000630   Section        0  fclose.o(.text)
    .text                                    0x0800067c   Section        0  exit.o(.text)
    .text                                    0x0800068e   Section        0  defsig_rtred_outer.o(.text)
    .text                                    0x0800069c   Section        8  libspace.o(.text)
    .text                                    0x080006a4   Section        2  use_no_semi.o(.text)
    .text                                    0x080006a6   Section        0  indicate_semi.o(.text)
    .text                                    0x080006a8   Section        8  rt_heap_descriptor_intlibspace.o(.text)
    .text                                    0x080006b0   Section        0  hguard.o(.text)
    .text                                    0x080006b4   Section        0  init_alloc.o(.text)
    .text                                    0x0800073e   Section        0  h1_alloc.o(.text)
    .text                                    0x0800079c   Section        0  fseek.o(.text)
    .text                                    0x08000894   Section        0  stdio.o(.text)
    .text                                    0x08000984   Section        0  defsig_exit.o(.text)
    .text                                    0x08000990   Section        0  defsig_rtred_inner.o(.text)
    .text                                    0x080009c4   Section        0  strlen.o(.text)
    .text                                    0x08000a04   Section        0  sys_exit.o(.text)
    .text                                    0x08000a10   Section        0  h1_init.o(.text)
    .text                                    0x08000a1e   Section        0  h1_extend.o(.text)
    .text                                    0x08000a52   Section        0  ftell.o(.text)
    .text                                    0x08000a94   Section        0  defsig_general.o(.text)
    .text                                    0x08000ac6   Section        0  defsig_rtmem_outer.o(.text)
    .text                                    0x08000ad4   Section        0  sys_wrch.o(.text)
    .text                                    0x08000ae4   Section        8  rt_errno_addr_intlibspace.o(.text)
    .text                                    0x08000aec   Section        0  defsig_rtmem_inner.o(.text)
    i.Average_5_time                         0x08000b3c   Section        0  main.o(i.Average_5_time)
    i.BusFault_Handler                       0x08000b74   Section        0  stm32f1xx_it.o(i.BusFault_Handler)
    i.DebugMon_Handler                       0x08000b76   Section        0  stm32f1xx_it.o(i.DebugMon_Handler)
    i.EXTI4_IRQHandler                       0x08000b78   Section        0  main.o(i.EXTI4_IRQHandler)
    i.EXTI9_5_IRQHandler                     0x08000c10   Section        0  main.o(i.EXTI9_5_IRQHandler)
    i.HAL_DMA_Abort                          0x08000ca8   Section        0  stm32f1xx_hal_dma.o(i.HAL_DMA_Abort)
    i.HAL_DMA_Abort_IT                       0x08000cf0   Section        0  stm32f1xx_hal_dma.o(i.HAL_DMA_Abort_IT)
    i.HAL_Delay                              0x08000d88   Section        0  stm32f1xx_hal.o(i.HAL_Delay)
    i.HAL_GPIO_EXTI_Callback                 0x08000dac   Section        0  stm32f1xx_hal_gpio.o(i.HAL_GPIO_EXTI_Callback)
    i.HAL_GPIO_EXTI_IRQHandler               0x08000db0   Section        0  stm32f1xx_hal_gpio.o(i.HAL_GPIO_EXTI_IRQHandler)
    i.HAL_GPIO_Init                          0x08000dc8   Section        0  stm32f1xx_hal_gpio.o(i.HAL_GPIO_Init)
    i.HAL_GPIO_ReadPin                       0x08000fa8   Section        0  stm32f1xx_hal_gpio.o(i.HAL_GPIO_ReadPin)
    i.HAL_GPIO_WritePin                      0x08000fb2   Section        0  stm32f1xx_hal_gpio.o(i.HAL_GPIO_WritePin)
    i.HAL_GetTick                            0x08000fbc   Section        0  stm32f1xx_hal.o(i.HAL_GetTick)
    i.HAL_IncTick                            0x08000fc8   Section        0  stm32f1xx_hal.o(i.HAL_IncTick)
    i.HAL_Init                               0x08000fd8   Section        0  stm32f1xx_hal.o(i.HAL_Init)
    i.HAL_InitTick                           0x08000ffc   Section        0  stm32f1xx_hal.o(i.HAL_InitTick)
    i.HAL_MspInit                            0x0800103c   Section        0  stm32f1xx_hal_msp.o(i.HAL_MspInit)
    i.HAL_NVIC_EnableIRQ                     0x08001078   Section        0  stm32f1xx_hal_cortex.o(i.HAL_NVIC_EnableIRQ)
    i.HAL_NVIC_SetPriority                   0x08001094   Section        0  stm32f1xx_hal_cortex.o(i.HAL_NVIC_SetPriority)
    i.HAL_NVIC_SetPriorityGrouping           0x080010d4   Section        0  stm32f1xx_hal_cortex.o(i.HAL_NVIC_SetPriorityGrouping)
    i.HAL_RCC_ClockConfig                    0x080010f8   Section        0  stm32f1xx_hal_rcc.o(i.HAL_RCC_ClockConfig)
    i.HAL_RCC_GetPCLK1Freq                   0x08001224   Section        0  stm32f1xx_hal_rcc.o(i.HAL_RCC_GetPCLK1Freq)
    i.HAL_RCC_GetPCLK2Freq                   0x08001244   Section        0  stm32f1xx_hal_rcc.o(i.HAL_RCC_GetPCLK2Freq)
    i.HAL_RCC_GetSysClockFreq                0x08001264   Section        0  stm32f1xx_hal_rcc.o(i.HAL_RCC_GetSysClockFreq)
    i.HAL_RCC_OscConfig                      0x080012b0   Section        0  stm32f1xx_hal_rcc.o(i.HAL_RCC_OscConfig)
    i.HAL_SYSTICK_Config                     0x080015d0   Section        0  stm32f1xx_hal_cortex.o(i.HAL_SYSTICK_Config)
    i.HAL_TIMEx_BreakCallback                0x080015f8   Section        0  stm32f1xx_hal_tim_ex.o(i.HAL_TIMEx_BreakCallback)
    i.HAL_TIMEx_CommutCallback               0x080015fa   Section        0  stm32f1xx_hal_tim_ex.o(i.HAL_TIMEx_CommutCallback)
    i.HAL_TIMEx_MasterConfigSynchronization  0x080015fc   Section        0  stm32f1xx_hal_tim_ex.o(i.HAL_TIMEx_MasterConfigSynchronization)
    i.HAL_TIM_Base_Init                      0x08001664   Section        0  stm32f1xx_hal_tim.o(i.HAL_TIM_Base_Init)
    i.HAL_TIM_Base_MspInit                   0x080016c0   Section        0  stm32f1xx_hal_msp.o(i.HAL_TIM_Base_MspInit)
    i.HAL_TIM_Base_Start_IT                  0x080016fc   Section        0  stm32f1xx_hal_tim.o(i.HAL_TIM_Base_Start_IT)
    i.HAL_TIM_ConfigClockSource              0x08001754   Section        0  stm32f1xx_hal_tim.o(i.HAL_TIM_ConfigClockSource)
    i.HAL_TIM_IC_CaptureCallback             0x08001830   Section        0  stm32f1xx_hal_tim.o(i.HAL_TIM_IC_CaptureCallback)
    i.HAL_TIM_IRQHandler                     0x08001832   Section        0  stm32f1xx_hal_tim.o(i.HAL_TIM_IRQHandler)
    i.HAL_TIM_MspPostInit                    0x08001998   Section        0  stm32f1xx_hal_msp.o(i.HAL_TIM_MspPostInit)
    i.HAL_TIM_OC_DelayElapsedCallback        0x080019e0   Section        0  stm32f1xx_hal_tim.o(i.HAL_TIM_OC_DelayElapsedCallback)
    i.HAL_TIM_PWM_ConfigChannel              0x080019e2   Section        0  stm32f1xx_hal_tim.o(i.HAL_TIM_PWM_ConfigChannel)
    i.HAL_TIM_PWM_Init                       0x08001aae   Section        0  stm32f1xx_hal_tim.o(i.HAL_TIM_PWM_Init)
    i.HAL_TIM_PWM_MspInit                    0x08001b08   Section        0  stm32f1xx_hal_msp.o(i.HAL_TIM_PWM_MspInit)
    i.HAL_TIM_PWM_PulseFinishedCallback      0x08001b40   Section        0  stm32f1xx_hal_tim.o(i.HAL_TIM_PWM_PulseFinishedCallback)
    i.HAL_TIM_PWM_Start                      0x08001b44   Section        0  stm32f1xx_hal_tim.o(i.HAL_TIM_PWM_Start)
    i.HAL_TIM_PeriodElapsedCallback          0x08001be0   Section        0  main.o(i.HAL_TIM_PeriodElapsedCallback)
    i.HAL_TIM_TriggerCallback                0x08001c6c   Section        0  stm32f1xx_hal_tim.o(i.HAL_TIM_TriggerCallback)
    i.HAL_UARTEx_RxEventCallback             0x08001c6e   Section        0  stm32f1xx_hal_uart.o(i.HAL_UARTEx_RxEventCallback)
    i.HAL_UART_ErrorCallback                 0x08001c70   Section        0  stm32f1xx_hal_uart.o(i.HAL_UART_ErrorCallback)
    i.HAL_UART_IRQHandler                    0x08001c74   Section        0  stm32f1xx_hal_uart.o(i.HAL_UART_IRQHandler)
    i.HAL_UART_Init                          0x08001ee0   Section        0  stm32f1xx_hal_uart.o(i.HAL_UART_Init)
    i.HAL_UART_MspInit                       0x08001f44   Section        0  stm32f1xx_hal_msp.o(i.HAL_UART_MspInit)
    i.HAL_UART_RxCpltCallback                0x08001fc4   Section        0  main.o(i.HAL_UART_RxCpltCallback)
    i.HAL_UART_Transmit                      0x08002004   Section        0  stm32f1xx_hal_uart.o(i.HAL_UART_Transmit)
    i.HAL_UART_TxCpltCallback                0x0800209e   Section        0  stm32f1xx_hal_uart.o(i.HAL_UART_TxCpltCallback)
    i.HardFault_Handler                      0x080020a0   Section        0  stm32f1xx_it.o(i.HardFault_Handler)
    i.MX_GPIO_Init                           0x080020a4   Section        0  main.o(i.MX_GPIO_Init)
    MX_GPIO_Init                             0x080020a5   Thumb Code   136  main.o(i.MX_GPIO_Init)
    i.MX_TIM2_Init                           0x0800213c   Section        0  main.o(i.MX_TIM2_Init)
    MX_TIM2_Init                             0x0800213d   Thumb Code   120  main.o(i.MX_TIM2_Init)
    i.MX_TIM4_Init                           0x080021b8   Section        0  main.o(i.MX_TIM4_Init)
    MX_TIM4_Init                             0x080021b9   Thumb Code    94  main.o(i.MX_TIM4_Init)
    i.MemManage_Handler                      0x08002220   Section        0  stm32f1xx_it.o(i.MemManage_Handler)
    i.NMI_Handler                            0x08002222   Section        0  stm32f1xx_it.o(i.NMI_Handler)
    i.PendSV_Handler                         0x08002224   Section        0  stm32f1xx_it.o(i.PendSV_Handler)
    i.SVC_Handler                            0x08002226   Section        0  stm32f1xx_it.o(i.SVC_Handler)
    i.SysTick_Handler                        0x08002228   Section        0  stm32f1xx_it.o(i.SysTick_Handler)
    i.SystemClock_Config                     0x0800222c   Section        0  main.o(i.SystemClock_Config)
    i.SystemInit                             0x0800227c   Section        0  system_stm32f1xx.o(i.SystemInit)
    i.TIM2_IRQHandler                        0x08002280   Section        0  stm32f1xx_it.o(i.TIM2_IRQHandler)
    i.TIM4_IRQHandler                        0x0800228c   Section        0  stm32f1xx_it.o(i.TIM4_IRQHandler)
    i.TIM_Base_SetConfig                     0x08002298   Section        0  stm32f1xx_hal_tim.o(i.TIM_Base_SetConfig)
    i.TIM_CCxChannelCmd                      0x08002304   Section        0  stm32f1xx_hal_tim.o(i.TIM_CCxChannelCmd)
    i.TIM_ETR_SetConfig                      0x0800231e   Section        0  stm32f1xx_hal_tim.o(i.TIM_ETR_SetConfig)
    i.TIM_ITRx_SetConfig                     0x08002332   Section        0  stm32f1xx_hal_tim.o(i.TIM_ITRx_SetConfig)
    TIM_ITRx_SetConfig                       0x08002333   Thumb Code    16  stm32f1xx_hal_tim.o(i.TIM_ITRx_SetConfig)
    i.TIM_OC1_SetConfig                      0x08002344   Section        0  stm32f1xx_hal_tim.o(i.TIM_OC1_SetConfig)
    TIM_OC1_SetConfig                        0x08002345   Thumb Code    74  stm32f1xx_hal_tim.o(i.TIM_OC1_SetConfig)
    i.TIM_OC2_SetConfig                      0x08002394   Section        0  stm32f1xx_hal_tim.o(i.TIM_OC2_SetConfig)
    i.TIM_OC3_SetConfig                      0x080023ec   Section        0  stm32f1xx_hal_tim.o(i.TIM_OC3_SetConfig)
    TIM_OC3_SetConfig                        0x080023ed   Thumb Code    82  stm32f1xx_hal_tim.o(i.TIM_OC3_SetConfig)
    i.TIM_OC4_SetConfig                      0x08002444   Section        0  stm32f1xx_hal_tim.o(i.TIM_OC4_SetConfig)
    TIM_OC4_SetConfig                        0x08002445   Thumb Code    64  stm32f1xx_hal_tim.o(i.TIM_OC4_SetConfig)
    i.TIM_TI1_ConfigInputStage               0x08002488   Section        0  stm32f1xx_hal_tim.o(i.TIM_TI1_ConfigInputStage)
    TIM_TI1_ConfigInputStage                 0x08002489   Thumb Code    34  stm32f1xx_hal_tim.o(i.TIM_TI1_ConfigInputStage)
    i.TIM_TI2_ConfigInputStage               0x080024aa   Section        0  stm32f1xx_hal_tim.o(i.TIM_TI2_ConfigInputStage)
    TIM_TI2_ConfigInputStage                 0x080024ab   Thumb Code    36  stm32f1xx_hal_tim.o(i.TIM_TI2_ConfigInputStage)
    i.UART_DMAAbortOnError                   0x080024ce   Section        0  stm32f1xx_hal_uart.o(i.UART_DMAAbortOnError)
    UART_DMAAbortOnError                     0x080024cf   Thumb Code    16  stm32f1xx_hal_uart.o(i.UART_DMAAbortOnError)
    i.UART_EndRxTransfer                     0x080024de   Section        0  stm32f1xx_hal_uart.o(i.UART_EndRxTransfer)
    UART_EndRxTransfer                       0x080024df   Thumb Code    78  stm32f1xx_hal_uart.o(i.UART_EndRxTransfer)
    i.UART_Receive_IT                        0x0800252c   Section        0  stm32f1xx_hal_uart.o(i.UART_Receive_IT)
    UART_Receive_IT                          0x0800252d   Thumb Code   194  stm32f1xx_hal_uart.o(i.UART_Receive_IT)
    i.UART_SetConfig                         0x080025f0   Section        0  stm32f1xx_hal_uart.o(i.UART_SetConfig)
    UART_SetConfig                           0x080025f1   Thumb Code   178  stm32f1xx_hal_uart.o(i.UART_SetConfig)
    i.UART_WaitOnFlagUntilTimeout            0x080026a8   Section        0  stm32f1xx_hal_uart.o(i.UART_WaitOnFlagUntilTimeout)
    UART_WaitOnFlagUntilTimeout              0x080026a9   Thumb Code   120  stm32f1xx_hal_uart.o(i.UART_WaitOnFlagUntilTimeout)
    i.USART1_IRQHandler                      0x08002720   Section        0  stm32f1xx_it.o(i.USART1_IRQHandler)
    i.UsageFault_Handler                     0x0800272c   Section        0  stm32f1xx_it.o(i.UsageFault_Handler)
    i.__NVIC_SetPriority                     0x0800272e   Section        0  stm32f1xx_hal_cortex.o(i.__NVIC_SetPriority)
    __NVIC_SetPriority                       0x0800272f   Thumb Code    32  stm32f1xx_hal_cortex.o(i.__NVIC_SetPriority)
    i.fputc                                  0x08002750   Section        0  main.o(i.fputc)
    i.main                                   0x08002768   Section        0  main.o(i.main)
    x$fpl$d2f                                0x08002818   Section       98  d2f.o(x$fpl$d2f)
    x$fpl$ddiv                               0x0800287c   Section      688  ddiv.o(x$fpl$ddiv)
    ddiv_entry                               0x08002883   Thumb Code     0  ddiv.o(x$fpl$ddiv)
    x$fpl$dflt                               0x08002b2c   Section       46  dflt_clz.o(x$fpl$dflt)
    x$fpl$dmul                               0x08002b5c   Section      340  dmul.o(x$fpl$dmul)
    x$fpl$dnaninf                            0x08002cb0   Section      156  dnaninf.o(x$fpl$dnaninf)
    x$fpl$dretinf                            0x08002d4c   Section       12  dretinf.o(x$fpl$dretinf)
    x$fpl$fadd                               0x08002d58   Section      196  faddsub_clz.o(x$fpl$fadd)
    _fadd1                                   0x08002d67   Thumb Code     0  faddsub_clz.o(x$fpl$fadd)
    x$fpl$fdiv                               0x08002e1c   Section      388  fdiv.o(x$fpl$fdiv)
    _fdiv1                                   0x08002e1d   Thumb Code     0  fdiv.o(x$fpl$fdiv)
    x$fpl$ffixu                              0x08002fa0   Section       62  ffixu.o(x$fpl$ffixu)
    x$fpl$fnaninf                            0x08002fde   Section      140  fnaninf.o(x$fpl$fnaninf)
    x$fpl$fretinf                            0x0800306a   Section       10  fretinf.o(x$fpl$fretinf)
    x$fpl$fsub                               0x08003074   Section      234  faddsub_clz.o(x$fpl$fsub)
    _fsub1                                   0x08003083   Thumb Code     0  faddsub_clz.o(x$fpl$fsub)
    .constdata                               0x0800315e   Section       18  stm32f1xx_hal_rcc.o(.constdata)
    x$fpl$usenofp                            0x0800315e   Section        0  usenofp.o(x$fpl$usenofp)
    aPredivFactorTable                       0x0800315e   Data           2  stm32f1xx_hal_rcc.o(.constdata)
    aPLLMULFactorTable                       0x08003160   Data          16  stm32f1xx_hal_rcc.o(.constdata)
    .constdata                               0x08003170   Section       16  system_stm32f1xx.o(.constdata)
    .constdata                               0x08003180   Section        8  system_stm32f1xx.o(.constdata)
    .constdata                               0x08003188   Section        4  sys_io.o(.constdata)
    .constdata                               0x0800318c   Section        4  sys_io.o(.constdata)
    .constdata                               0x08003190   Section        4  sys_io.o(.constdata)
    .data                                    0x20000000   Section       24  main.o(.data)
    .data                                    0x20000018   Section       12  stm32f1xx_hal.o(.data)
    .data                                    0x20000024   Section        4  system_stm32f1xx.o(.data)
    .data                                    0x20000028   Section        4  stdio_streams.o(.data)
    .data                                    0x2000002c   Section        4  stdio_streams.o(.data)
    .data                                    0x20000030   Section        4  stdio_streams.o(.data)
    .bss                                     0x20000034   Section      296  main.o(.bss)
    .bss                                     0x2000015c   Section       84  stdio_streams.o(.bss)
    .bss                                     0x200001b0   Section       84  stdio_streams.o(.bss)
    .bss                                     0x20000204   Section       84  stdio_streams.o(.bss)
    .bss                                     0x20000258   Section       96  libspace.o(.bss)
    HEAP                                     0x200002b8   Section      512  startup_stm32f103xb.o(HEAP)
    Heap_Mem                                 0x200002b8   Data         512  startup_stm32f103xb.o(HEAP)
    STACK                                    0x200004b8   Section     1024  startup_stm32f103xb.o(STACK)
    Stack_Mem                                0x200004b8   Data        1024  startup_stm32f103xb.o(STACK)
    __initial_sp                             0x200008b8   Data           0  startup_stm32f103xb.o(STACK)

    Global Symbols

    Symbol Name                              Value     Ov Type        Size  Object(Section)

    BuildAttributes$$THM_ISAv4$P$D$K$B$S$PE$A:L22UL41UL21$X:L11$S22US41US21$IEEE1$IW$USESV6$~STKCKD$USESV7$~SHL$OTIME$ROPI$EBA8$UX$STANDARDLIB$REQ8$PRES8$EABIv2 0x00000000   Number         0  anon$$obj.o ABSOLUTE
    __ARM_use_no_argv                        0x00000000   Number         0  main.o ABSOLUTE
    __ARM_exceptions_init                     - Undefined Weak Reference
    __alloca_initialize                       - Undefined Weak Reference
    __arm_preinit_                            - Undefined Weak Reference
    __cpp_initialize__aeabi_                  - Undefined Weak Reference
    __cxa_finalize                            - Undefined Weak Reference
    __rt_locale                               - Undefined Weak Reference
    __sigvec_lookup                           - Undefined Weak Reference
    __user_heap_extent                        - Undefined Weak Reference
    _atexit_init                              - Undefined Weak Reference
    _call_atexit_fns                          - Undefined Weak Reference
    _clock_init                               - Undefined Weak Reference
    _fp_trap_init                             - Undefined Weak Reference
    _fp_trap_shutdown                         - Undefined Weak Reference
    _get_lc_collate                           - Undefined Weak Reference
    _get_lc_ctype                             - Undefined Weak Reference
    _get_lc_monetary                          - Undefined Weak Reference
    _get_lc_numeric                           - Undefined Weak Reference
    _get_lc_time                              - Undefined Weak Reference
    _getenv_init                              - Undefined Weak Reference
    _handle_redirection                       - Undefined Weak Reference
    _mutex_acquire                            - Undefined Weak Reference
    _mutex_free                               - Undefined Weak Reference
    _mutex_release                            - Undefined Weak Reference
    _rand_init                                - Undefined Weak Reference
    _signal_finish                            - Undefined Weak Reference
    _signal_init                              - Undefined Weak Reference
    __Vectors_Size                           0x000000ec   Number         0  startup_stm32f103xb.o ABSOLUTE
    __Vectors                                0x08000000   Data           4  startup_stm32f103xb.o(RESET)
    __Vectors_End                            0x080000ec   Data           0  startup_stm32f103xb.o(RESET)
    __main                                   0x080000ed   Thumb Code     8  __main.o(!!!main)
    __scatterload                            0x080000f5   Thumb Code     0  __scatter.o(!!!scatter)
    __scatterload_rt2                        0x080000f5   Thumb Code    44  __scatter.o(!!!scatter)
    __scatterload_rt2_thumb_only             0x080000f5   Thumb Code     0  __scatter.o(!!!scatter)
    __scatterload_null                       0x08000103   Thumb Code     0  __scatter.o(!!!scatter)
    __scatterload_copy                       0x08000129   Thumb Code    26  __scatter_copy.o(!!handler_copy)
    __scatterload_zeroinit                   0x08000145   Thumb Code    28  __scatter_zi.o(!!handler_zi)
    __rt_lib_init                            0x08000161   Thumb Code     0  libinit.o(.ARM.Collect$$libinit$$00000000)
    __rt_lib_init_fp_1                       0x08000163   Thumb Code     0  libinit2.o(.ARM.Collect$$libinit$$00000002)
    __rt_lib_init_heap_2                     0x08000163   Thumb Code     0  libinit2.o(.ARM.Collect$$libinit$$00000005)
    __rt_lib_init_preinit_1                  0x08000163   Thumb Code     0  libinit2.o(.ARM.Collect$$libinit$$00000004)
    __rt_lib_init_atexit_1                   0x0800016b   Thumb Code     0  libinit2.o(.ARM.Collect$$libinit$$0000001B)
    __rt_lib_init_clock_1                    0x0800016b   Thumb Code     0  libinit2.o(.ARM.Collect$$libinit$$00000021)
    __rt_lib_init_fp_trap_1                  0x0800016b   Thumb Code     0  libinit2.o(.ARM.Collect$$libinit$$0000001F)
    __rt_lib_init_getenv_1                   0x0800016b   Thumb Code     0  libinit2.o(.ARM.Collect$$libinit$$00000023)
    __rt_lib_init_heap_1                     0x0800016b   Thumb Code     0  libinit2.o(.ARM.Collect$$libinit$$0000000A)
    __rt_lib_init_lc_collate_1               0x0800016b   Thumb Code     0  libinit2.o(.ARM.Collect$$libinit$$00000011)
    __rt_lib_init_lc_ctype_1                 0x0800016b   Thumb Code     0  libinit2.o(.ARM.Collect$$libinit$$00000013)
    __rt_lib_init_lc_monetary_1              0x0800016b   Thumb Code     0  libinit2.o(.ARM.Collect$$libinit$$00000015)
    __rt_lib_init_lc_numeric_1               0x0800016b   Thumb Code     0  libinit2.o(.ARM.Collect$$libinit$$00000017)
    __rt_lib_init_lc_time_1                  0x0800016b   Thumb Code     0  libinit2.o(.ARM.Collect$$libinit$$00000019)
    __rt_lib_init_rand_1                     0x0800016b   Thumb Code     0  libinit2.o(.ARM.Collect$$libinit$$0000000E)
    __rt_lib_init_signal_1                   0x0800016b   Thumb Code     0  libinit2.o(.ARM.Collect$$libinit$$0000001D)
    __rt_lib_init_stdio_2                    0x0800016b   Thumb Code     0  libinit2.o(.ARM.Collect$$libinit$$00000024)
    __rt_lib_init_user_alloc_1               0x0800016b   Thumb Code     0  libinit2.o(.ARM.Collect$$libinit$$0000000C)
    __rt_lib_init_alloca_1                   0x0800016f   Thumb Code     0  libinit2.o(.ARM.Collect$$libinit$$0000002E)
    __rt_lib_init_argv_1                     0x0800016f   Thumb Code     0  libinit2.o(.ARM.Collect$$libinit$$0000002C)
    __rt_lib_init_cpp_1                      0x0800016f   Thumb Code     0  libinit2.o(.ARM.Collect$$libinit$$00000032)
    __rt_lib_init_exceptions_1               0x0800016f   Thumb Code     0  libinit2.o(.ARM.Collect$$libinit$$00000030)
    __rt_lib_init_return                     0x0800016f   Thumb Code     0  libinit2.o(.ARM.Collect$$libinit$$00000033)
    __rt_lib_init_stdio_1                    0x0800016f   Thumb Code     0  libinit2.o(.ARM.Collect$$libinit$$00000025)
    __rt_lib_shutdown                        0x08000171   Thumb Code     0  libshutdown.o(.ARM.Collect$$libshutdown$$00000000)
    __rt_lib_shutdown_cpp_1                  0x08000173   Thumb Code     0  libshutdown2.o(.ARM.Collect$$libshutdown$$00000002)
    __rt_lib_shutdown_stdio_2                0x08000173   Thumb Code     0  libshutdown2.o(.ARM.Collect$$libshutdown$$00000003)
    __rt_lib_shutdown_fp_trap_1              0x08000177   Thumb Code     0  libshutdown2.o(.ARM.Collect$$libshutdown$$00000007)
    __rt_lib_shutdown_heap_1                 0x08000177   Thumb Code     0  libshutdown2.o(.ARM.Collect$$libshutdown$$0000000F)
    __rt_lib_shutdown_return                 0x08000177   Thumb Code     0  libshutdown2.o(.ARM.Collect$$libshutdown$$00000010)
    __rt_lib_shutdown_signal_1               0x08000177   Thumb Code     0  libshutdown2.o(.ARM.Collect$$libshutdown$$0000000A)
    __rt_lib_shutdown_stdio_1                0x08000177   Thumb Code     0  libshutdown2.o(.ARM.Collect$$libshutdown$$00000004)
    __rt_lib_shutdown_user_alloc_1           0x08000177   Thumb Code     0  libshutdown2.o(.ARM.Collect$$libshutdown$$0000000C)
    __rt_entry                               0x08000179   Thumb Code     0  __rtentry.o(.ARM.Collect$$rtentry$$00000000)
    __rt_entry_presh_1                       0x08000179   Thumb Code     0  __rtentry2.o(.ARM.Collect$$rtentry$$00000002)
    __rt_entry_sh                            0x08000179   Thumb Code     0  __rtentry4.o(.ARM.Collect$$rtentry$$00000004)
    __rt_entry_li                            0x0800017f   Thumb Code     0  __rtentry2.o(.ARM.Collect$$rtentry$$0000000A)
    __rt_entry_postsh_1                      0x0800017f   Thumb Code     0  __rtentry2.o(.ARM.Collect$$rtentry$$00000009)
    __rt_entry_main                          0x08000183   Thumb Code     0  __rtentry2.o(.ARM.Collect$$rtentry$$0000000D)
    __rt_entry_postli_1                      0x08000183   Thumb Code     0  __rtentry2.o(.ARM.Collect$$rtentry$$0000000C)
    __rt_exit                                0x0800018b   Thumb Code     0  rtexit.o(.ARM.Collect$$rtexit$$00000000)
    __rt_exit_ls                             0x0800018d   Thumb Code     0  rtexit2.o(.ARM.Collect$$rtexit$$00000003)
    __rt_exit_prels_1                        0x0800018d   Thumb Code     0  rtexit2.o(.ARM.Collect$$rtexit$$00000002)
    __rt_exit_exit                           0x08000191   Thumb Code     0  rtexit2.o(.ARM.Collect$$rtexit$$00000004)
    Reset_Handler                            0x08000199   Thumb Code     8  startup_stm32f103xb.o(.text)
    _maybe_terminate_alloc                   0x08000199   Thumb Code     0  maybetermalloc1.o(.emb_text)
    ADC1_2_IRQHandler                        0x080001b3   Thumb Code     0  startup_stm32f103xb.o(.text)
    CAN1_RX1_IRQHandler                      0x080001b3   Thumb Code     0  startup_stm32f103xb.o(.text)
    CAN1_SCE_IRQHandler                      0x080001b3   Thumb Code     0  startup_stm32f103xb.o(.text)
    DMA1_Channel1_IRQHandler                 0x080001b3   Thumb Code     0  startup_stm32f103xb.o(.text)
    DMA1_Channel2_IRQHandler                 0x080001b3   Thumb Code     0  startup_stm32f103xb.o(.text)
    DMA1_Channel3_IRQHandler                 0x080001b3   Thumb Code     0  startup_stm32f103xb.o(.text)
    DMA1_Channel4_IRQHandler                 0x080001b3   Thumb Code     0  startup_stm32f103xb.o(.text)
    DMA1_Channel5_IRQHandler                 0x080001b3   Thumb Code     0  startup_stm32f103xb.o(.text)
    DMA1_Channel6_IRQHandler                 0x080001b3   Thumb Code     0  startup_stm32f103xb.o(.text)
    DMA1_Channel7_IRQHandler                 0x080001b3   Thumb Code     0  startup_stm32f103xb.o(.text)
    EXTI0_IRQHandler                         0x080001b3   Thumb Code     0  startup_stm32f103xb.o(.text)
    EXTI15_10_IRQHandler                     0x080001b3   Thumb Code     0  startup_stm32f103xb.o(.text)
    EXTI1_IRQHandler                         0x080001b3   Thumb Code     0  startup_stm32f103xb.o(.text)
    EXTI2_IRQHandler                         0x080001b3   Thumb Code     0  startup_stm32f103xb.o(.text)
    EXTI3_IRQHandler                         0x080001b3   Thumb Code     0  startup_stm32f103xb.o(.text)
    FLASH_IRQHandler                         0x080001b3   Thumb Code     0  startup_stm32f103xb.o(.text)
    I2C1_ER_IRQHandler                       0x080001b3   Thumb Code     0  startup_stm32f103xb.o(.text)
    I2C1_EV_IRQHandler                       0x080001b3   Thumb Code     0  startup_stm32f103xb.o(.text)
    I2C2_ER_IRQHandler                       0x080001b3   Thumb Code     0  startup_stm32f103xb.o(.text)
    I2C2_EV_IRQHandler                       0x080001b3   Thumb Code     0  startup_stm32f103xb.o(.text)
    PVD_IRQHandler                           0x080001b3   Thumb Code     0  startup_stm32f103xb.o(.text)
    RCC_IRQHandler                           0x080001b3   Thumb Code     0  startup_stm32f103xb.o(.text)
    RTC_Alarm_IRQHandler                     0x080001b3   Thumb Code     0  startup_stm32f103xb.o(.text)
    RTC_IRQHandler                           0x080001b3   Thumb Code     0  startup_stm32f103xb.o(.text)
    SPI1_IRQHandler                          0x080001b3   Thumb Code     0  startup_stm32f103xb.o(.text)
    SPI2_IRQHandler                          0x080001b3   Thumb Code     0  startup_stm32f103xb.o(.text)
    TAMPER_IRQHandler                        0x080001b3   Thumb Code     0  startup_stm32f103xb.o(.text)
    TIM1_BRK_IRQHandler                      0x080001b3   Thumb Code     0  startup_stm32f103xb.o(.text)
    TIM1_CC_IRQHandler                       0x080001b3   Thumb Code     0  startup_stm32f103xb.o(.text)
    TIM1_TRG_COM_IRQHandler                  0x080001b3   Thumb Code     0  startup_stm32f103xb.o(.text)
    TIM1_UP_IRQHandler                       0x080001b3   Thumb Code     0  startup_stm32f103xb.o(.text)
    TIM3_IRQHandler                          0x080001b3   Thumb Code     0  startup_stm32f103xb.o(.text)
    USART2_IRQHandler                        0x080001b3   Thumb Code     0  startup_stm32f103xb.o(.text)
    USART3_IRQHandler                        0x080001b3   Thumb Code     0  startup_stm32f103xb.o(.text)
    USBWakeUp_IRQHandler                     0x080001b3   Thumb Code     0  startup_stm32f103xb.o(.text)
    USB_HP_CAN1_TX_IRQHandler                0x080001b3   Thumb Code     0  startup_stm32f103xb.o(.text)
    USB_LP_CAN1_RX0_IRQHandler               0x080001b3   Thumb Code     0  startup_stm32f103xb.o(.text)
    WWDG_IRQHandler                          0x080001b3   Thumb Code     0  startup_stm32f103xb.o(.text)
    __user_initial_stackheap                 0x080001b5   Thumb Code     0  startup_stm32f103xb.o(.text)
    __2printf                                0x080001d9   Thumb Code    20  noretval__2printf.o(.text)
    __aeabi_memclr4                          0x080001f1   Thumb Code     0  rt_memclr_w.o(.text)
    __aeabi_memclr8                          0x080001f1   Thumb Code     0  rt_memclr_w.o(.text)
    __rt_memclr_w                            0x080001f1   Thumb Code    78  rt_memclr_w.o(.text)
    _memset_w                                0x080001f5   Thumb Code     0  rt_memclr_w.o(.text)
    __use_two_region_memory                  0x0800023f   Thumb Code     2  heapauxi.o(.text)
    __rt_heap_escrow                         0x08000241   Thumb Code     2  heapauxi.o(.text)
    __rt_heap_expand                         0x08000243   Thumb Code     2  heapauxi.o(.text)
    _printf_char_file                        0x08000245   Thumb Code    32  _printf_char_file.o(.text)
    _printf_char_common                      0x08000273   Thumb Code    32  _printf_char_common.o(.text)
    ferror                                   0x08000299   Thumb Code     8  ferror.o(.text)
    _initio                                  0x080002a1   Thumb Code   210  initio.o(.text)
    _terminateio                             0x08000373   Thumb Code    56  initio.o(.text)
    _sys_open                                0x080003d9   Thumb Code    20  sys_io.o(.text)
    _sys_close                               0x080003ed   Thumb Code    12  sys_io.o(.text)
    _sys_write                               0x080003f9   Thumb Code    16  sys_io.o(.text)
    _sys_read                                0x08000409   Thumb Code    14  sys_io.o(.text)
    _sys_istty                               0x08000417   Thumb Code    12  sys_io.o(.text)
    _sys_seek                                0x08000423   Thumb Code    14  sys_io.o(.text)
    _sys_ensure                              0x08000431   Thumb Code     2  sys_io.o(.text)
    _sys_flen                                0x08000433   Thumb Code    12  sys_io.o(.text)
    __user_setup_stackheap                   0x0800043f   Thumb Code    74  sys_stackheap_outer.o(.text)
    free                                     0x08000489   Thumb Code    78  h1_free.o(.text)
    __printf                                 0x080004d7   Thumb Code    40  __printf_nopercent.o(.text)
    setvbuf                                  0x080004ff   Thumb Code    70  setvbuf.o(.text)
    freopen                                  0x08000545   Thumb Code   158  fopen.o(.text)
    fopen                                    0x080005e3   Thumb Code    74  fopen.o(.text)
    _fclose_internal                         0x08000631   Thumb Code    76  fclose.o(.text)
    fclose                                   0x08000631   Thumb Code     0  fclose.o(.text)
    exit                                     0x0800067d   Thumb Code    18  exit.o(.text)
    __rt_SIGRTRED                            0x0800068f   Thumb Code    14  defsig_rtred_outer.o(.text)
    __user_libspace                          0x0800069d   Thumb Code     8  libspace.o(.text)
    __user_perproc_libspace                  0x0800069d   Thumb Code     0  libspace.o(.text)
    __user_perthread_libspace                0x0800069d   Thumb Code     0  libspace.o(.text)
    __I$use$semihosting                      0x080006a5   Thumb Code     0  use_no_semi.o(.text)
    __use_no_semihosting_swi                 0x080006a5   Thumb Code     2  use_no_semi.o(.text)
    __semihosting_library_function           0x080006a7   Thumb Code     0  indicate_semi.o(.text)
    __rt_heap_descriptor                     0x080006a9   Thumb Code     8  rt_heap_descriptor_intlibspace.o(.text)
    __use_no_heap                            0x080006b1   Thumb Code     2  hguard.o(.text)
    __heap$guard                             0x080006b3   Thumb Code     2  hguard.o(.text)
    _terminate_user_alloc                    0x080006b5   Thumb Code     2  init_alloc.o(.text)
    _init_user_alloc                         0x080006b7   Thumb Code     2  init_alloc.o(.text)
    __Heap_Full                              0x080006b9   Thumb Code    34  init_alloc.o(.text)
    __Heap_Broken                            0x080006db   Thumb Code     6  init_alloc.o(.text)
    _init_alloc                              0x080006e1   Thumb Code    94  init_alloc.o(.text)
    malloc                                   0x0800073f   Thumb Code    94  h1_alloc.o(.text)
    _fseek                                   0x0800079d   Thumb Code   242  fseek.o(.text)
    fseek                                    0x0800079d   Thumb Code     0  fseek.o(.text)
    _seterr                                  0x08000895   Thumb Code    20  stdio.o(.text)
    _writebuf                                0x080008a9   Thumb Code    84  stdio.o(.text)
    _fflush                                  0x080008fd   Thumb Code    70  stdio.o(.text)
    _deferredlazyseek                        0x08000943   Thumb Code    60  stdio.o(.text)
    __sig_exit                               0x08000985   Thumb Code    10  defsig_exit.o(.text)
    __rt_SIGRTRED_inner                      0x08000991   Thumb Code    14  defsig_rtred_inner.o(.text)
    strlen                                   0x080009c5   Thumb Code    62  strlen.o(.text)
    _sys_exit                                0x08000a05   Thumb Code     8  sys_exit.o(.text)
    __Heap_Initialize                        0x08000a11   Thumb Code    10  h1_init.o(.text)
    __Heap_DescSize                          0x08000a1b   Thumb Code     4  h1_init.o(.text)
    __Heap_ProvideMemory                     0x08000a1f   Thumb Code    52  h1_extend.o(.text)
    _ftell_internal                          0x08000a53   Thumb Code    66  ftell.o(.text)
    ftell                                    0x08000a53   Thumb Code     0  ftell.o(.text)
    __default_signal_display                 0x08000a95   Thumb Code    50  defsig_general.o(.text)
    __rt_SIGRTMEM                            0x08000ac7   Thumb Code    14  defsig_rtmem_outer.o(.text)
    _ttywrch                                 0x08000ad5   Thumb Code    14  sys_wrch.o(.text)
    __aeabi_errno_addr                       0x08000ae5   Thumb Code     8  rt_errno_addr_intlibspace.o(.text)
    __errno$intlibspace                      0x08000ae5   Thumb Code     0  rt_errno_addr_intlibspace.o(.text)
    __rt_errno_addr$intlibspace              0x08000ae5   Thumb Code     0  rt_errno_addr_intlibspace.o(.text)
    __rt_SIGRTMEM_inner                      0x08000aed   Thumb Code    22  defsig_rtmem_inner.o(.text)
    Average_5_time                           0x08000b3d   Thumb Code    50  main.o(i.Average_5_time)
    BusFault_Handler                         0x08000b75   Thumb Code     2  stm32f1xx_it.o(i.BusFault_Handler)
    DebugMon_Handler                         0x08000b77   Thumb Code     2  stm32f1xx_it.o(i.DebugMon_Handler)
    EXTI4_IRQHandler                         0x08000b79   Thumb Code   144  main.o(i.EXTI4_IRQHandler)
    EXTI9_5_IRQHandler                       0x08000c11   Thumb Code   144  main.o(i.EXTI9_5_IRQHandler)
    HAL_DMA_Abort                            0x08000ca9   Thumb Code    70  stm32f1xx_hal_dma.o(i.HAL_DMA_Abort)
    HAL_DMA_Abort_IT                         0x08000cf1   Thumb Code   148  stm32f1xx_hal_dma.o(i.HAL_DMA_Abort_IT)
    HAL_Delay                                0x08000d89   Thumb Code    32  stm32f1xx_hal.o(i.HAL_Delay)
    HAL_GPIO_EXTI_Callback                   0x08000dad   Thumb Code     2  stm32f1xx_hal_gpio.o(i.HAL_GPIO_EXTI_Callback)
    HAL_GPIO_EXTI_IRQHandler                 0x08000db1   Thumb Code    18  stm32f1xx_hal_gpio.o(i.HAL_GPIO_EXTI_IRQHandler)
    HAL_GPIO_Init                            0x08000dc9   Thumb Code   446  stm32f1xx_hal_gpio.o(i.HAL_GPIO_Init)
    HAL_GPIO_ReadPin                         0x08000fa9   Thumb Code    10  stm32f1xx_hal_gpio.o(i.HAL_GPIO_ReadPin)
    HAL_GPIO_WritePin                        0x08000fb3   Thumb Code    10  stm32f1xx_hal_gpio.o(i.HAL_GPIO_WritePin)
    HAL_GetTick                              0x08000fbd   Thumb Code     6  stm32f1xx_hal.o(i.HAL_GetTick)
    HAL_IncTick                              0x08000fc9   Thumb Code    12  stm32f1xx_hal.o(i.HAL_IncTick)
    HAL_Init                                 0x08000fd9   Thumb Code    32  stm32f1xx_hal.o(i.HAL_Init)
    HAL_InitTick                             0x08000ffd   Thumb Code    54  stm32f1xx_hal.o(i.HAL_InitTick)
    HAL_MspInit                              0x0800103d   Thumb Code    52  stm32f1xx_hal_msp.o(i.HAL_MspInit)
    HAL_NVIC_EnableIRQ                       0x08001079   Thumb Code    26  stm32f1xx_hal_cortex.o(i.HAL_NVIC_EnableIRQ)
    HAL_NVIC_SetPriority                     0x08001095   Thumb Code    60  stm32f1xx_hal_cortex.o(i.HAL_NVIC_SetPriority)
    HAL_NVIC_SetPriorityGrouping             0x080010d5   Thumb Code    26  stm32f1xx_hal_cortex.o(i.HAL_NVIC_SetPriorityGrouping)
    HAL_RCC_ClockConfig                      0x080010f9   Thumb Code   280  stm32f1xx_hal_rcc.o(i.HAL_RCC_ClockConfig)
    HAL_RCC_GetPCLK1Freq                     0x08001225   Thumb Code    20  stm32f1xx_hal_rcc.o(i.HAL_RCC_GetPCLK1Freq)
    HAL_RCC_GetPCLK2Freq                     0x08001245   Thumb Code    20  stm32f1xx_hal_rcc.o(i.HAL_RCC_GetPCLK2Freq)
    HAL_RCC_GetSysClockFreq                  0x08001265   Thumb Code    58  stm32f1xx_hal_rcc.o(i.HAL_RCC_GetSysClockFreq)
    HAL_RCC_OscConfig                        0x080012b1   Thumb Code   778  stm32f1xx_hal_rcc.o(i.HAL_RCC_OscConfig)
    HAL_SYSTICK_Config                       0x080015d1   Thumb Code    40  stm32f1xx_hal_cortex.o(i.HAL_SYSTICK_Config)
    HAL_TIMEx_BreakCallback                  0x080015f9   Thumb Code     2  stm32f1xx_hal_tim_ex.o(i.HAL_TIMEx_BreakCallback)
    HAL_TIMEx_CommutCallback                 0x080015fb   Thumb Code     2  stm32f1xx_hal_tim_ex.o(i.HAL_TIMEx_CommutCallback)
    HAL_TIMEx_MasterConfigSynchronization    0x080015fd   Thumb Code    92  stm32f1xx_hal_tim_ex.o(i.HAL_TIMEx_MasterConfigSynchronization)
    HAL_TIM_Base_Init                        0x08001665   Thumb Code    90  stm32f1xx_hal_tim.o(i.HAL_TIM_Base_Init)
    HAL_TIM_Base_MspInit                     0x080016c1   Thumb Code    50  stm32f1xx_hal_msp.o(i.HAL_TIM_Base_MspInit)
    HAL_TIM_Base_Start_IT                    0x080016fd   Thumb Code    76  stm32f1xx_hal_tim.o(i.HAL_TIM_Base_Start_IT)
    HAL_TIM_ConfigClockSource                0x08001755   Thumb Code   220  stm32f1xx_hal_tim.o(i.HAL_TIM_ConfigClockSource)
    HAL_TIM_IC_CaptureCallback               0x08001831   Thumb Code     2  stm32f1xx_hal_tim.o(i.HAL_TIM_IC_CaptureCallback)
    HAL_TIM_IRQHandler                       0x08001833   Thumb Code   358  stm32f1xx_hal_tim.o(i.HAL_TIM_IRQHandler)
    HAL_TIM_MspPostInit                      0x08001999   Thumb Code    62  stm32f1xx_hal_msp.o(i.HAL_TIM_MspPostInit)
    HAL_TIM_OC_DelayElapsedCallback          0x080019e1   Thumb Code     2  stm32f1xx_hal_tim.o(i.HAL_TIM_OC_DelayElapsedCallback)
    HAL_TIM_PWM_ConfigChannel                0x080019e3   Thumb Code   204  stm32f1xx_hal_tim.o(i.HAL_TIM_PWM_ConfigChannel)
    HAL_TIM_PWM_Init                         0x08001aaf   Thumb Code    90  stm32f1xx_hal_tim.o(i.HAL_TIM_PWM_Init)
    HAL_TIM_PWM_MspInit                      0x08001b09   Thumb Code    50  stm32f1xx_hal_msp.o(i.HAL_TIM_PWM_MspInit)
    HAL_TIM_PWM_PulseFinishedCallback        0x08001b41   Thumb Code     2  stm32f1xx_hal_tim.o(i.HAL_TIM_PWM_PulseFinishedCallback)
    HAL_TIM_PWM_Start                        0x08001b45   Thumb Code   144  stm32f1xx_hal_tim.o(i.HAL_TIM_PWM_Start)
    HAL_TIM_PeriodElapsedCallback            0x08001be1   Thumb Code   116  main.o(i.HAL_TIM_PeriodElapsedCallback)
    HAL_TIM_TriggerCallback                  0x08001c6d   Thumb Code     2  stm32f1xx_hal_tim.o(i.HAL_TIM_TriggerCallback)
    HAL_UARTEx_RxEventCallback               0x08001c6f   Thumb Code     2  stm32f1xx_hal_uart.o(i.HAL_UARTEx_RxEventCallback)
    HAL_UART_ErrorCallback                   0x08001c71   Thumb Code     2  stm32f1xx_hal_uart.o(i.HAL_UART_ErrorCallback)
    HAL_UART_IRQHandler                      0x08001c75   Thumb Code   616  stm32f1xx_hal_uart.o(i.HAL_UART_IRQHandler)
    HAL_UART_Init                            0x08001ee1   Thumb Code   100  stm32f1xx_hal_uart.o(i.HAL_UART_Init)
    HAL_UART_MspInit                         0x08001f45   Thumb Code   116  stm32f1xx_hal_msp.o(i.HAL_UART_MspInit)
    HAL_UART_RxCpltCallback                  0x08001fc5   Thumb Code    50  main.o(i.HAL_UART_RxCpltCallback)
    HAL_UART_Transmit                        0x08002005   Thumb Code   154  stm32f1xx_hal_uart.o(i.HAL_UART_Transmit)
    HAL_UART_TxCpltCallback                  0x0800209f   Thumb Code     2  stm32f1xx_hal_uart.o(i.HAL_UART_TxCpltCallback)
    HardFault_Handler                        0x080020a1   Thumb Code     2  stm32f1xx_it.o(i.HardFault_Handler)
    MemManage_Handler                        0x08002221   Thumb Code     2  stm32f1xx_it.o(i.MemManage_Handler)
    NMI_Handler                              0x08002223   Thumb Code     2  stm32f1xx_it.o(i.NMI_Handler)
    PendSV_Handler                           0x08002225   Thumb Code     2  stm32f1xx_it.o(i.PendSV_Handler)
    SVC_Handler                              0x08002227   Thumb Code     2  stm32f1xx_it.o(i.SVC_Handler)
    SysTick_Handler                          0x08002229   Thumb Code     4  stm32f1xx_it.o(i.SysTick_Handler)
    SystemClock_Config                       0x0800222d   Thumb Code    80  main.o(i.SystemClock_Config)
    SystemInit                               0x0800227d   Thumb Code     2  system_stm32f1xx.o(i.SystemInit)
    TIM2_IRQHandler                          0x08002281   Thumb Code     6  stm32f1xx_it.o(i.TIM2_IRQHandler)
    TIM4_IRQHandler                          0x0800228d   Thumb Code     6  stm32f1xx_it.o(i.TIM4_IRQHandler)
    TIM_Base_SetConfig                       0x08002299   Thumb Code    94  stm32f1xx_hal_tim.o(i.TIM_Base_SetConfig)
    TIM_CCxChannelCmd                        0x08002305   Thumb Code    26  stm32f1xx_hal_tim.o(i.TIM_CCxChannelCmd)
    TIM_ETR_SetConfig                        0x0800231f   Thumb Code    20  stm32f1xx_hal_tim.o(i.TIM_ETR_SetConfig)
    TIM_OC2_SetConfig                        0x08002395   Thumb Code    84  stm32f1xx_hal_tim.o(i.TIM_OC2_SetConfig)
    USART1_IRQHandler                        0x08002721   Thumb Code     6  stm32f1xx_it.o(i.USART1_IRQHandler)
    UsageFault_Handler                       0x0800272d   Thumb Code     2  stm32f1xx_it.o(i.UsageFault_Handler)
    fputc                                    0x08002751   Thumb Code    18  main.o(i.fputc)
    main                                     0x08002769   Thumb Code   136  main.o(i.main)
    __aeabi_d2f                              0x08002819   Thumb Code     0  d2f.o(x$fpl$d2f)
    _d2f                                     0x08002819   Thumb Code    98  d2f.o(x$fpl$d2f)
    __aeabi_ddiv                             0x0800287d   Thumb Code     0  ddiv.o(x$fpl$ddiv)
    _ddiv                                    0x0800287d   Thumb Code   552  ddiv.o(x$fpl$ddiv)
    __aeabi_i2d                              0x08002b2d   Thumb Code     0  dflt_clz.o(x$fpl$dflt)
    _dflt                                    0x08002b2d   Thumb Code    46  dflt_clz.o(x$fpl$dflt)
    __aeabi_dmul                             0x08002b5d   Thumb Code     0  dmul.o(x$fpl$dmul)
    _dmul                                    0x08002b5d   Thumb Code   332  dmul.o(x$fpl$dmul)
    __fpl_dnaninf                            0x08002cb1   Thumb Code   156  dnaninf.o(x$fpl$dnaninf)
    __fpl_dretinf                            0x08002d4d   Thumb Code    12  dretinf.o(x$fpl$dretinf)
    __aeabi_fadd                             0x08002d59   Thumb Code     0  faddsub_clz.o(x$fpl$fadd)
    _fadd                                    0x08002d59   Thumb Code   196  faddsub_clz.o(x$fpl$fadd)
    __aeabi_fdiv                             0x08002e1d   Thumb Code     0  fdiv.o(x$fpl$fdiv)
    _fdiv                                    0x08002e1d   Thumb Code   384  fdiv.o(x$fpl$fdiv)
    __aeabi_f2uiz                            0x08002fa1   Thumb Code     0  ffixu.o(x$fpl$ffixu)
    _ffixu                                   0x08002fa1   Thumb Code    62  ffixu.o(x$fpl$ffixu)
    __fpl_fnaninf                            0x08002fdf   Thumb Code   140  fnaninf.o(x$fpl$fnaninf)
    __fpl_fretinf                            0x0800306b   Thumb Code    10  fretinf.o(x$fpl$fretinf)
    __aeabi_fsub                             0x08003075   Thumb Code     0  faddsub_clz.o(x$fpl$fsub)
    _fsub                                    0x08003075   Thumb Code   234  faddsub_clz.o(x$fpl$fsub)
    __I$use$fp                               0x0800315e   Number         0  usenofp.o(x$fpl$usenofp)
    AHBPrescTable                            0x08003170   Data          16  system_stm32f1xx.o(.constdata)
    APBPrescTable                            0x08003180   Data           8  system_stm32f1xx.o(.constdata)
    __stdin_name                             0x08003188   Data           4  sys_io.o(.constdata)
    __stdout_name                            0x0800318c   Data           4  sys_io.o(.constdata)
    __stderr_name                            0x08003190   Data           4  sys_io.o(.constdata)
    Region$$Table$$Base                      0x08003194   Number         0  anon$$obj.o(Region$$Table)
    Region$$Table$$Limit                     0x080031b4   Number         0  anon$$obj.o(Region$$Table)
    PreviousState                            0x20000000   Data           1  main.o(.data)
    tx_data1                                 0x20000001   Data           1  main.o(.data)
    rx_data                                  0x20000002   Data           1  main.o(.data)
    PosCnt                                   0x20000004   Data           2  main.o(.data)
    CountValue                               0x20000006   Data           2  main.o(.data)
    CntVel                                   0x20000008   Data           2  main.o(.data)
    countvel                                 0x2000000a   Data           2  main.o(.data)
    Count_pre                                0x2000000c   Data           2  main.o(.data)
    Curvel                                   0x20000010   Data           4  main.o(.data)
    Vel_average                              0x20000014   Data           4  main.o(.data)
    uwTickFreq                               0x20000018   Data           1  stm32f1xx_hal.o(.data)
    uwTickPrio                               0x2000001c   Data           4  stm32f1xx_hal.o(.data)
    uwTick                                   0x20000020   Data           4  stm32f1xx_hal.o(.data)
    SystemCoreClock                          0x20000024   Data           4  system_stm32f1xx.o(.data)
    __aeabi_stdin                            0x20000028   Data           4  stdio_streams.o(.data)
    __aeabi_stdout                           0x2000002c   Data           4  stdio_streams.o(.data)
    __aeabi_stderr                           0x20000030   Data           4  stdio_streams.o(.data)
    htim2                                    0x20000034   Data          72  main.o(.bss)
    htim4                                    0x2000007c   Data          72  main.o(.bss)
    huart1                                   0x200000c4   Data          72  main.o(.bss)
    sumA                                     0x2000010c   Data          80  main.o(.bss)
    __stdin                                  0x2000015c   Data          84  stdio_streams.o(.bss)
    __stdout                                 0x200001b0   Data          84  stdio_streams.o(.bss)
    __stderr                                 0x20000204   Data          84  stdio_streams.o(.bss)
    __libspace_start                         0x20000258   Data          96  libspace.o(.bss)
    __temporary_stack_top$libspace           0x200002b8   Data           0  libspace.o(.bss)



==============================================================================

Memory Map of the image

  Image Entry point : 0x080000ed

  Load Region LR_IROM1 (Base: 0x08000000, Size: 0x000031e8, Max: 0x00010000, ABSOLUTE)

    Execution Region ER_IROM1 (Exec base: 0x08000000, Load base: 0x08000000, Size: 0x000031b4, Max: 0x00010000, ABSOLUTE)

    Exec Addr    Load Addr    Size         Type   Attr      Idx    E Section Name        Object

    0x08000000   0x08000000   0x000000ec   Data   RO            3    RESET               startup_stm32f103xb.o
    0x080000ec   0x080000ec   0x00000008   Code   RO         2768  * !!!main             c_w.l(__main.o)
    0x080000f4   0x080000f4   0x00000034   Code   RO         3123    !!!scatter          c_w.l(__scatter.o)
    0x08000128   0x08000128   0x0000001a   Code   RO         3125    !!handler_copy      c_w.l(__scatter_copy.o)
    0x08000142   0x08000142   0x00000002   PAD
    0x08000144   0x08000144   0x0000001c   Code   RO         3127    !!handler_zi        c_w.l(__scatter_zi.o)
    0x08000160   0x08000160   0x00000002   Code   RO         2930    .ARM.Collect$$libinit$$00000000  c_w.l(libinit.o)
    0x08000162   0x08000162   0x00000000   Code   RO         2932    .ARM.Collect$$libinit$$00000002  c_w.l(libinit2.o)
    0x08000162   0x08000162   0x00000000   Code   RO         2934    .ARM.Collect$$libinit$$00000004  c_w.l(libinit2.o)
    0x08000162   0x08000162   0x00000008   Code   RO         2935    .ARM.Collect$$libinit$$00000005  c_w.l(libinit2.o)
    0x0800016a   0x0800016a   0x00000000   Code   RO         2937    .ARM.Collect$$libinit$$0000000A  c_w.l(libinit2.o)
    0x0800016a   0x0800016a   0x00000000   Code   RO         2939    .ARM.Collect$$libinit$$0000000C  c_w.l(libinit2.o)
    0x0800016a   0x0800016a   0x00000000   Code   RO         2941    .ARM.Collect$$libinit$$0000000E  c_w.l(libinit2.o)
    0x0800016a   0x0800016a   0x00000000   Code   RO         2944    .ARM.Collect$$libinit$$00000011  c_w.l(libinit2.o)
    0x0800016a   0x0800016a   0x00000000   Code   RO         2946    .ARM.Collect$$libinit$$00000013  c_w.l(libinit2.o)
    0x0800016a   0x0800016a   0x00000000   Code   RO         2948    .ARM.Collect$$libinit$$00000015  c_w.l(libinit2.o)
    0x0800016a   0x0800016a   0x00000000   Code   RO         2950    .ARM.Collect$$libinit$$00000017  c_w.l(libinit2.o)
    0x0800016a   0x0800016a   0x00000000   Code   RO         2952    .ARM.Collect$$libinit$$00000019  c_w.l(libinit2.o)
    0x0800016a   0x0800016a   0x00000000   Code   RO         2954    .ARM.Collect$$libinit$$0000001B  c_w.l(libinit2.o)
    0x0800016a   0x0800016a   0x00000000   Code   RO         2956    .ARM.Collect$$libinit$$0000001D  c_w.l(libinit2.o)
    0x0800016a   0x0800016a   0x00000000   Code   RO         2958    .ARM.Collect$$libinit$$0000001F  c_w.l(libinit2.o)
    0x0800016a   0x0800016a   0x00000000   Code   RO         2960    .ARM.Collect$$libinit$$00000021  c_w.l(libinit2.o)
    0x0800016a   0x0800016a   0x00000000   Code   RO         2962    .ARM.Collect$$libinit$$00000023  c_w.l(libinit2.o)
    0x0800016a   0x0800016a   0x00000004   Code   RO         2963    .ARM.Collect$$libinit$$00000024  c_w.l(libinit2.o)
    0x0800016e   0x0800016e   0x00000000   Code   RO         2964    .ARM.Collect$$libinit$$00000025  c_w.l(libinit2.o)
    0x0800016e   0x0800016e   0x00000000   Code   RO         2968    .ARM.Collect$$libinit$$0000002C  c_w.l(libinit2.o)
    0x0800016e   0x0800016e   0x00000000   Code   RO         2970    .ARM.Collect$$libinit$$0000002E  c_w.l(libinit2.o)
    0x0800016e   0x0800016e   0x00000000   Code   RO         2972    .ARM.Collect$$libinit$$00000030  c_w.l(libinit2.o)
    0x0800016e   0x0800016e   0x00000000   Code   RO         2974    .ARM.Collect$$libinit$$00000032  c_w.l(libinit2.o)
    0x0800016e   0x0800016e   0x00000002   Code   RO         2975    .ARM.Collect$$libinit$$00000033  c_w.l(libinit2.o)
    0x08000170   0x08000170   0x00000002   Code   RO         3102    .ARM.Collect$$libshutdown$$00000000  c_w.l(libshutdown.o)
    0x08000172   0x08000172   0x00000000   Code   RO         2977    .ARM.Collect$$libshutdown$$00000002  c_w.l(libshutdown2.o)
    0x08000172   0x08000172   0x00000004   Code   RO         2978    .ARM.Collect$$libshutdown$$00000003  c_w.l(libshutdown2.o)
    0x08000176   0x08000176   0x00000000   Code   RO         2979    .ARM.Collect$$libshutdown$$00000004  c_w.l(libshutdown2.o)
    0x08000176   0x08000176   0x00000000   Code   RO         2982    .ARM.Collect$$libshutdown$$00000007  c_w.l(libshutdown2.o)
    0x08000176   0x08000176   0x00000000   Code   RO         2985    .ARM.Collect$$libshutdown$$0000000A  c_w.l(libshutdown2.o)
    0x08000176   0x08000176   0x00000000   Code   RO         2987    .ARM.Collect$$libshutdown$$0000000C  c_w.l(libshutdown2.o)
    0x08000176   0x08000176   0x00000000   Code   RO         2990    .ARM.Collect$$libshutdown$$0000000F  c_w.l(libshutdown2.o)
    0x08000176   0x08000176   0x00000002   Code   RO         2991    .ARM.Collect$$libshutdown$$00000010  c_w.l(libshutdown2.o)
    0x08000178   0x08000178   0x00000000   Code   RO         2798    .ARM.Collect$$rtentry$$00000000  c_w.l(__rtentry.o)
    0x08000178   0x08000178   0x00000000   Code   RO         2817    .ARM.Collect$$rtentry$$00000002  c_w.l(__rtentry2.o)
    0x08000178   0x08000178   0x00000006   Code   RO         2829    .ARM.Collect$$rtentry$$00000004  c_w.l(__rtentry4.o)
    0x0800017e   0x0800017e   0x00000000   Code   RO         2819    .ARM.Collect$$rtentry$$00000009  c_w.l(__rtentry2.o)
    0x0800017e   0x0800017e   0x00000004   Code   RO         2820    .ARM.Collect$$rtentry$$0000000A  c_w.l(__rtentry2.o)
    0x08000182   0x08000182   0x00000000   Code   RO         2822    .ARM.Collect$$rtentry$$0000000C  c_w.l(__rtentry2.o)
    0x08000182   0x08000182   0x00000008   Code   RO         2823    .ARM.Collect$$rtentry$$0000000D  c_w.l(__rtentry2.o)
    0x0800018a   0x0800018a   0x00000002   Code   RO         2998    .ARM.Collect$$rtexit$$00000000  c_w.l(rtexit.o)
    0x0800018c   0x0800018c   0x00000000   Code   RO         3048    .ARM.Collect$$rtexit$$00000002  c_w.l(rtexit2.o)
    0x0800018c   0x0800018c   0x00000004   Code   RO         3049    .ARM.Collect$$rtexit$$00000003  c_w.l(rtexit2.o)
    0x08000190   0x08000190   0x00000006   Code   RO         3050    .ARM.Collect$$rtexit$$00000004  c_w.l(rtexit2.o)
    0x08000196   0x08000196   0x00000002   PAD
    0x08000198   0x08000198   0x00000000   Code   RO         3054    .emb_text           c_w.l(maybetermalloc1.o)
    0x08000198   0x08000198   0x00000040   Code   RO            4    .text               startup_stm32f103xb.o
    0x080001d8   0x080001d8   0x00000018   Code   RO         2762    .text               c_w.l(noretval__2printf.o)
    0x080001f0   0x080001f0   0x0000004e   Code   RO         2764    .text               c_w.l(rt_memclr_w.o)
    0x0800023e   0x0800023e   0x00000006   Code   RO         2766    .text               c_w.l(heapauxi.o)
    0x08000244   0x08000244   0x00000024   Code   RO         2799    .text               c_w.l(_printf_char_file.o)
    0x08000268   0x08000268   0x00000030   Code   RO         2831    .text               c_w.l(_printf_char_common.o)
    0x08000298   0x08000298   0x00000008   Code   RO         2833    .text               c_w.l(ferror.o)
    0x080002a0   0x080002a0   0x00000138   Code   RO         2835    .text               c_w.l(initio.o)
    0x080003d8   0x080003d8   0x00000066   Code   RO         2841    .text               c_w.l(sys_io.o)
    0x0800043e   0x0800043e   0x0000004a   Code   RO         2848    .text               c_w.l(sys_stackheap_outer.o)
    0x08000488   0x08000488   0x0000004e   Code   RO         2852    .text               c_w.l(h1_free.o)
    0x080004d6   0x080004d6   0x00000028   Code   RO         2906    .text               c_w.l(__printf_nopercent.o)
    0x080004fe   0x080004fe   0x00000046   Code   RO         2908    .text               c_w.l(setvbuf.o)
    0x08000544   0x08000544   0x000000ec   Code   RO         2911    .text               c_w.l(fopen.o)
    0x08000630   0x08000630   0x0000004c   Code   RO         2913    .text               c_w.l(fclose.o)
    0x0800067c   0x0800067c   0x00000012   Code   RO         2919    .text               c_w.l(exit.o)
    0x0800068e   0x0800068e   0x0000000e   Code   RO         2921    .text               c_w.l(defsig_rtred_outer.o)
    0x0800069c   0x0800069c   0x00000008   Code   RO         2992    .text               c_w.l(libspace.o)
    0x080006a4   0x080006a4   0x00000002   Code   RO         2995    .text               c_w.l(use_no_semi.o)
    0x080006a6   0x080006a6   0x00000000   Code   RO         2997    .text               c_w.l(indicate_semi.o)
    0x080006a6   0x080006a6   0x00000002   PAD
    0x080006a8   0x080006a8   0x00000008   Code   RO         3005    .text               c_w.l(rt_heap_descriptor_intlibspace.o)
    0x080006b0   0x080006b0   0x00000004   Code   RO         3007    .text               c_w.l(hguard.o)
    0x080006b4   0x080006b4   0x0000008a   Code   RO         3009    .text               c_w.l(init_alloc.o)
    0x0800073e   0x0800073e   0x0000005e   Code   RO         3015    .text               c_w.l(h1_alloc.o)
    0x0800079c   0x0800079c   0x000000f8   Code   RO         3029    .text               c_w.l(fseek.o)
    0x08000894   0x08000894   0x000000f0   Code   RO         3031    .text               c_w.l(stdio.o)
    0x08000984   0x08000984   0x0000000a   Code   RO         3033    .text               c_w.l(defsig_exit.o)
    0x0800098e   0x0800098e   0x00000002   PAD
    0x08000990   0x08000990   0x00000034   Code   RO         3035    .text               c_w.l(defsig_rtred_inner.o)
    0x080009c4   0x080009c4   0x0000003e   Code   RO         3037    .text               c_w.l(strlen.o)
    0x08000a02   0x08000a02   0x00000002   PAD
    0x08000a04   0x08000a04   0x0000000c   Code   RO         3045    .text               c_w.l(sys_exit.o)
    0x08000a10   0x08000a10   0x0000000e   Code   RO         3056    .text               c_w.l(h1_init.o)
    0x08000a1e   0x08000a1e   0x00000034   Code   RO         3058    .text               c_w.l(h1_extend.o)
    0x08000a52   0x08000a52   0x00000042   Code   RO         3064    .text               c_w.l(ftell.o)
    0x08000a94   0x08000a94   0x00000032   Code   RO         3068    .text               c_w.l(defsig_general.o)
    0x08000ac6   0x08000ac6   0x0000000e   Code   RO         3070    .text               c_w.l(defsig_rtmem_outer.o)
    0x08000ad4   0x08000ad4   0x0000000e   Code   RO         3083    .text               c_w.l(sys_wrch.o)
    0x08000ae2   0x08000ae2   0x00000002   PAD
    0x08000ae4   0x08000ae4   0x00000008   Code   RO         3090    .text               c_w.l(rt_errno_addr_intlibspace.o)
    0x08000aec   0x08000aec   0x00000050   Code   RO         3096    .text               c_w.l(defsig_rtmem_inner.o)
    0x08000b3c   0x08000b3c   0x00000038   Code   RO           13    i.Average_5_time    main.o
    0x08000b74   0x08000b74   0x00000002   Code   RO          212    i.BusFault_Handler  stm32f1xx_it.o
    0x08000b76   0x08000b76   0x00000002   Code   RO          213    i.DebugMon_Handler  stm32f1xx_it.o
    0x08000b78   0x08000b78   0x00000098   Code   RO           14    i.EXTI4_IRQHandler  main.o
    0x08000c10   0x08000c10   0x00000098   Code   RO           15    i.EXTI9_5_IRQHandler  main.o
    0x08000ca8   0x08000ca8   0x00000046   Code   RO         1762    i.HAL_DMA_Abort     stm32f1xx_hal_dma.o
    0x08000cee   0x08000cee   0x00000002   PAD
    0x08000cf0   0x08000cf0   0x00000098   Code   RO         1763    i.HAL_DMA_Abort_IT  stm32f1xx_hal_dma.o
    0x08000d88   0x08000d88   0x00000024   Code   RO         1388    i.HAL_Delay         stm32f1xx_hal.o
    0x08000dac   0x08000dac   0x00000002   Code   RO         1696    i.HAL_GPIO_EXTI_Callback  stm32f1xx_hal_gpio.o
    0x08000dae   0x08000dae   0x00000002   PAD
    0x08000db0   0x08000db0   0x00000018   Code   RO         1697    i.HAL_GPIO_EXTI_IRQHandler  stm32f1xx_hal_gpio.o
    0x08000dc8   0x08000dc8   0x000001e0   Code   RO         1698    i.HAL_GPIO_Init     stm32f1xx_hal_gpio.o
    0x08000fa8   0x08000fa8   0x0000000a   Code   RO         1700    i.HAL_GPIO_ReadPin  stm32f1xx_hal_gpio.o
    0x08000fb2   0x08000fb2   0x0000000a   Code   RO         1702    i.HAL_GPIO_WritePin  stm32f1xx_hal_gpio.o
    0x08000fbc   0x08000fbc   0x0000000c   Code   RO         1392    i.HAL_GetTick       stm32f1xx_hal.o
    0x08000fc8   0x08000fc8   0x00000010   Code   RO         1398    i.HAL_IncTick       stm32f1xx_hal.o
    0x08000fd8   0x08000fd8   0x00000024   Code   RO         1399    i.HAL_Init          stm32f1xx_hal.o
    0x08000ffc   0x08000ffc   0x00000040   Code   RO         1400    i.HAL_InitTick      stm32f1xx_hal.o
    0x0800103c   0x0800103c   0x0000003c   Code   RO          306    i.HAL_MspInit       stm32f1xx_hal_msp.o
    0x08001078   0x08001078   0x0000001a   Code   RO         1858    i.HAL_NVIC_EnableIRQ  stm32f1xx_hal_cortex.o
    0x08001092   0x08001092   0x00000002   PAD
    0x08001094   0x08001094   0x00000040   Code   RO         1864    i.HAL_NVIC_SetPriority  stm32f1xx_hal_cortex.o
    0x080010d4   0x080010d4   0x00000024   Code   RO         1865    i.HAL_NVIC_SetPriorityGrouping  stm32f1xx_hal_cortex.o
    0x080010f8   0x080010f8   0x0000012c   Code   RO         1556    i.HAL_RCC_ClockConfig  stm32f1xx_hal_rcc.o
    0x08001224   0x08001224   0x00000020   Code   RO         1563    i.HAL_RCC_GetPCLK1Freq  stm32f1xx_hal_rcc.o
    0x08001244   0x08001244   0x00000020   Code   RO         1564    i.HAL_RCC_GetPCLK2Freq  stm32f1xx_hal_rcc.o
    0x08001264   0x08001264   0x0000004c   Code   RO         1565    i.HAL_RCC_GetSysClockFreq  stm32f1xx_hal_rcc.o
    0x080012b0   0x080012b0   0x00000320   Code   RO         1568    i.HAL_RCC_OscConfig  stm32f1xx_hal_rcc.o
    0x080015d0   0x080015d0   0x00000028   Code   RO         1869    i.HAL_SYSTICK_Config  stm32f1xx_hal_cortex.o
    0x080015f8   0x080015f8   0x00000002   Code   RO         1114    i.HAL_TIMEx_BreakCallback  stm32f1xx_hal_tim_ex.o
    0x080015fa   0x080015fa   0x00000002   Code   RO         1115    i.HAL_TIMEx_CommutCallback  stm32f1xx_hal_tim_ex.o
    0x080015fc   0x080015fc   0x00000068   Code   RO         1133    i.HAL_TIMEx_MasterConfigSynchronization  stm32f1xx_hal_tim_ex.o
    0x08001664   0x08001664   0x0000005a   Code   RO          410    i.HAL_TIM_Base_Init  stm32f1xx_hal_tim.o
    0x080016be   0x080016be   0x00000002   PAD
    0x080016c0   0x080016c0   0x0000003c   Code   RO          308    i.HAL_TIM_Base_MspInit  stm32f1xx_hal_msp.o
    0x080016fc   0x080016fc   0x00000058   Code   RO          415    i.HAL_TIM_Base_Start_IT  stm32f1xx_hal_tim.o
    0x08001754   0x08001754   0x000000dc   Code   RO          419    i.HAL_TIM_ConfigClockSource  stm32f1xx_hal_tim.o
    0x08001830   0x08001830   0x00000002   Code   RO          444    i.HAL_TIM_IC_CaptureCallback  stm32f1xx_hal_tim.o
    0x08001832   0x08001832   0x00000166   Code   RO          458    i.HAL_TIM_IRQHandler  stm32f1xx_hal_tim.o
    0x08001998   0x08001998   0x00000048   Code   RO          309    i.HAL_TIM_MspPostInit  stm32f1xx_hal_msp.o
    0x080019e0   0x080019e0   0x00000002   Code   RO          461    i.HAL_TIM_OC_DelayElapsedCallback  stm32f1xx_hal_tim.o
    0x080019e2   0x080019e2   0x000000cc   Code   RO          482    i.HAL_TIM_PWM_ConfigChannel  stm32f1xx_hal_tim.o
    0x08001aae   0x08001aae   0x0000005a   Code   RO          485    i.HAL_TIM_PWM_Init  stm32f1xx_hal_tim.o
    0x08001b08   0x08001b08   0x00000038   Code   RO          311    i.HAL_TIM_PWM_MspInit  stm32f1xx_hal_msp.o
    0x08001b40   0x08001b40   0x00000002   Code   RO          488    i.HAL_TIM_PWM_PulseFinishedCallback  stm32f1xx_hal_tim.o
    0x08001b42   0x08001b42   0x00000002   PAD
    0x08001b44   0x08001b44   0x0000009c   Code   RO          490    i.HAL_TIM_PWM_Start  stm32f1xx_hal_tim.o
    0x08001be0   0x08001be0   0x0000008c   Code   RO           17    i.HAL_TIM_PeriodElapsedCallback  main.o
    0x08001c6c   0x08001c6c   0x00000002   Code   RO          501    i.HAL_TIM_TriggerCallback  stm32f1xx_hal_tim.o
    0x08001c6e   0x08001c6e   0x00000002   Code   RO         2370    i.HAL_UARTEx_RxEventCallback  stm32f1xx_hal_uart.o
    0x08001c70   0x08001c70   0x00000002   Code   RO         2384    i.HAL_UART_ErrorCallback  stm32f1xx_hal_uart.o
    0x08001c72   0x08001c72   0x00000002   PAD
    0x08001c74   0x08001c74   0x0000026c   Code   RO         2387    i.HAL_UART_IRQHandler  stm32f1xx_hal_uart.o
    0x08001ee0   0x08001ee0   0x00000064   Code   RO         2388    i.HAL_UART_Init     stm32f1xx_hal_uart.o
    0x08001f44   0x08001f44   0x00000080   Code   RO          313    i.HAL_UART_MspInit  stm32f1xx_hal_msp.o
    0x08001fc4   0x08001fc4   0x00000040   Code   RO           18    i.HAL_UART_RxCpltCallback  main.o
    0x08002004   0x08002004   0x0000009a   Code   RO         2396    i.HAL_UART_Transmit  stm32f1xx_hal_uart.o
    0x0800209e   0x0800209e   0x00000002   Code   RO         2399    i.HAL_UART_TxCpltCallback  stm32f1xx_hal_uart.o
    0x080020a0   0x080020a0   0x00000002   Code   RO          214    i.HardFault_Handler  stm32f1xx_it.o
    0x080020a2   0x080020a2   0x00000002   PAD
    0x080020a4   0x080020a4   0x00000098   Code   RO           19    i.MX_GPIO_Init      main.o
    0x0800213c   0x0800213c   0x0000007c   Code   RO           20    i.MX_TIM2_Init      main.o
    0x080021b8   0x080021b8   0x00000068   Code   RO           21    i.MX_TIM4_Init      main.o
    0x08002220   0x08002220   0x00000002   Code   RO          215    i.MemManage_Handler  stm32f1xx_it.o
    0x08002222   0x08002222   0x00000002   Code   RO          216    i.NMI_Handler       stm32f1xx_it.o
    0x08002224   0x08002224   0x00000002   Code   RO          217    i.PendSV_Handler    stm32f1xx_it.o
    0x08002226   0x08002226   0x00000002   Code   RO          218    i.SVC_Handler       stm32f1xx_it.o
    0x08002228   0x08002228   0x00000004   Code   RO          219    i.SysTick_Handler   stm32f1xx_it.o
    0x0800222c   0x0800222c   0x00000050   Code   RO           22    i.SystemClock_Config  main.o
    0x0800227c   0x0800227c   0x00000002   Code   RO         2722    i.SystemInit        system_stm32f1xx.o
    0x0800227e   0x0800227e   0x00000002   PAD
    0x08002280   0x08002280   0x0000000c   Code   RO          220    i.TIM2_IRQHandler   stm32f1xx_it.o
    0x0800228c   0x0800228c   0x0000000c   Code   RO          221    i.TIM4_IRQHandler   stm32f1xx_it.o
    0x08002298   0x08002298   0x0000006c   Code   RO          503    i.TIM_Base_SetConfig  stm32f1xx_hal_tim.o
    0x08002304   0x08002304   0x0000001a   Code   RO          504    i.TIM_CCxChannelCmd  stm32f1xx_hal_tim.o
    0x0800231e   0x0800231e   0x00000014   Code   RO          514    i.TIM_ETR_SetConfig  stm32f1xx_hal_tim.o
    0x08002332   0x08002332   0x00000010   Code   RO          515    i.TIM_ITRx_SetConfig  stm32f1xx_hal_tim.o
    0x08002342   0x08002342   0x00000002   PAD
    0x08002344   0x08002344   0x00000050   Code   RO          516    i.TIM_OC1_SetConfig  stm32f1xx_hal_tim.o
    0x08002394   0x08002394   0x00000058   Code   RO          517    i.TIM_OC2_SetConfig  stm32f1xx_hal_tim.o
    0x080023ec   0x080023ec   0x00000058   Code   RO          518    i.TIM_OC3_SetConfig  stm32f1xx_hal_tim.o
    0x08002444   0x08002444   0x00000044   Code   RO          519    i.TIM_OC4_SetConfig  stm32f1xx_hal_tim.o
    0x08002488   0x08002488   0x00000022   Code   RO          521    i.TIM_TI1_ConfigInputStage  stm32f1xx_hal_tim.o
    0x080024aa   0x080024aa   0x00000024   Code   RO          523    i.TIM_TI2_ConfigInputStage  stm32f1xx_hal_tim.o
    0x080024ce   0x080024ce   0x00000010   Code   RO         2401    i.UART_DMAAbortOnError  stm32f1xx_hal_uart.o
    0x080024de   0x080024de   0x0000004e   Code   RO         2411    i.UART_EndRxTransfer  stm32f1xx_hal_uart.o
    0x0800252c   0x0800252c   0x000000c2   Code   RO         2413    i.UART_Receive_IT   stm32f1xx_hal_uart.o
    0x080025ee   0x080025ee   0x00000002   PAD
    0x080025f0   0x080025f0   0x000000b8   Code   RO         2414    i.UART_SetConfig    stm32f1xx_hal_uart.o
    0x080026a8   0x080026a8   0x00000078   Code   RO         2417    i.UART_WaitOnFlagUntilTimeout  stm32f1xx_hal_uart.o
    0x08002720   0x08002720   0x0000000c   Code   RO          222    i.USART1_IRQHandler  stm32f1xx_it.o
    0x0800272c   0x0800272c   0x00000002   Code   RO          223    i.UsageFault_Handler  stm32f1xx_it.o
    0x0800272e   0x0800272e   0x00000020   Code   RO         1871    i.__NVIC_SetPriority  stm32f1xx_hal_cortex.o
    0x0800274e   0x0800274e   0x00000002   PAD
    0x08002750   0x08002750   0x00000018   Code   RO           23    i.fputc             main.o
    0x08002768   0x08002768   0x000000b0   Code   RO           24    i.main              main.o
    0x08002818   0x08002818   0x00000062   Code   RO         2770    x$fpl$d2f           fz_ws.l(d2f.o)
    0x0800287a   0x0800287a   0x00000002   PAD
    0x0800287c   0x0800287c   0x000002b0   Code   RO         2773    x$fpl$ddiv          fz_ws.l(ddiv.o)
    0x08002b2c   0x08002b2c   0x0000002e   Code   RO         2777    x$fpl$dflt          fz_ws.l(dflt_clz.o)
    0x08002b5a   0x08002b5a   0x00000002   PAD
    0x08002b5c   0x08002b5c   0x00000154   Code   RO         2782    x$fpl$dmul          fz_ws.l(dmul.o)
    0x08002cb0   0x08002cb0   0x0000009c   Code   RO         2807    x$fpl$dnaninf       fz_ws.l(dnaninf.o)
    0x08002d4c   0x08002d4c   0x0000000c   Code   RO         2809    x$fpl$dretinf       fz_ws.l(dretinf.o)
    0x08002d58   0x08002d58   0x000000c4   Code   RO         2784    x$fpl$fadd          fz_ws.l(faddsub_clz.o)
    0x08002e1c   0x08002e1c   0x00000184   Code   RO         2791    x$fpl$fdiv          fz_ws.l(fdiv.o)
    0x08002fa0   0x08002fa0   0x0000003e   Code   RO         2794    x$fpl$ffixu         fz_ws.l(ffixu.o)
    0x08002fde   0x08002fde   0x0000008c   Code   RO         2811    x$fpl$fnaninf       fz_ws.l(fnaninf.o)
    0x0800306a   0x0800306a   0x0000000a   Code   RO         2813    x$fpl$fretinf       fz_ws.l(fretinf.o)
    0x08003074   0x08003074   0x000000ea   Code   RO         2786    x$fpl$fsub          fz_ws.l(faddsub_clz.o)
    0x0800315e   0x0800315e   0x00000000   Code   RO         2815    x$fpl$usenofp       fz_ws.l(usenofp.o)
    0x0800315e   0x0800315e   0x00000012   Data   RO         1569    .constdata          stm32f1xx_hal_rcc.o
    0x08003170   0x08003170   0x00000010   Data   RO         2723    .constdata          system_stm32f1xx.o
    0x08003180   0x08003180   0x00000008   Data   RO         2724    .constdata          system_stm32f1xx.o
    0x08003188   0x08003188   0x00000004   Data   RO         2842    .constdata          c_w.l(sys_io.o)
    0x0800318c   0x0800318c   0x00000004   Data   RO         2843    .constdata          c_w.l(sys_io.o)
    0x08003190   0x08003190   0x00000004   Data   RO         2844    .constdata          c_w.l(sys_io.o)
    0x08003194   0x08003194   0x00000020   Data   RO         3121    Region$$Table       anon$$obj.o


    Execution Region RW_IRAM1 (Exec base: 0x20000000, Load base: 0x080031b4, Size: 0x000008b8, Max: 0x00005000, ABSOLUTE)

    Exec Addr    Load Addr    Size         Type   Attr      Idx    E Section Name        Object

    0x20000000   0x080031b4   0x00000018   Data   RW           29    .data               main.o
    0x20000018   0x080031cc   0x0000000c   Data   RW         1406    .data               stm32f1xx_hal.o
    0x20000024   0x080031d8   0x00000004   Data   RW         2725    .data               system_stm32f1xx.o
    0x20000028   0x080031dc   0x00000004   Data   RW         2804    .data               c_w.l(stdio_streams.o)
    0x2000002c   0x080031e0   0x00000004   Data   RW         2805    .data               c_w.l(stdio_streams.o)
    0x20000030   0x080031e4   0x00000004   Data   RW         2806    .data               c_w.l(stdio_streams.o)
    0x20000034        -       0x00000128   Zero   RW           25    .bss                main.o
    0x2000015c        -       0x00000054   Zero   RW         2801    .bss                c_w.l(stdio_streams.o)
    0x200001b0        -       0x00000054   Zero   RW         2802    .bss                c_w.l(stdio_streams.o)
    0x20000204        -       0x00000054   Zero   RW         2803    .bss                c_w.l(stdio_streams.o)
    0x20000258        -       0x00000060   Zero   RW         2993    .bss                c_w.l(libspace.o)
    0x200002b8        -       0x00000200   Zero   RW            2    HEAP                startup_stm32f103xb.o
    0x200004b8        -       0x00000400   Zero   RW            1    STACK               startup_stm32f103xb.o


==============================================================================

Image component sizes


      Code (inc. data)   RO Data    RW Data    ZI Data      Debug   Object Name

      1224        136          0         24        296     434418   main.o
        64         26        236          0       1536        788   startup_stm32f103xb.o
       164         28          0         12          0       5729   stm32f1xx_hal.o
       198         14          0          0          0      28803   stm32f1xx_hal_cortex.o
       222          4          0          0          0       1703   stm32f1xx_hal_dma.o
       526         40          0          0          0       4491   stm32f1xx_hal_gpio.o
       376         46          0          0          0       3284   stm32f1xx_hal_msp.o
      1240         84         18          0          0       4980   stm32f1xx_hal_rcc.o
      1778         58          0          0          0      15032   stm32f1xx_hal_tim.o
       108         12          0          0          0       2313   stm32f1xx_hal_tim_ex.o
      1472         10          0          0          0       9238   stm32f1xx_hal_uart.o
        56         18          0          0          0       4906   stm32f1xx_it.o
         2          0         24          4          0       1047   system_stm32f1xx.o

    ----------------------------------------------------------------------
      7452        476        310         40       1832     516732   Object Totals
         0          0         32          0          0          0   (incl. Generated)
        22          0          0          0          0          0   (incl. Padding)

    ----------------------------------------------------------------------

      Code (inc. data)   RO Data    RW Data    ZI Data      Debug   Library Member Name

         8          0          0          0          0         68   __main.o
        40          0          0          0          0         84   __printf_nopercent.o
         0          0          0          0          0          0   __rtentry.o
        12          0          0          0          0          0   __rtentry2.o
         6          0          0          0          0          0   __rtentry4.o
        52          8          0          0          0          0   __scatter.o
        26          0          0          0          0          0   __scatter_copy.o
        28          0          0          0          0          0   __scatter_zi.o
        48          6          0          0          0         96   _printf_char_common.o
        36          4          0          0          0         80   _printf_char_file.o
        10          0          0          0          0         68   defsig_exit.o
        50          0          0          0          0         88   defsig_general.o
        80         58          0          0          0         76   defsig_rtmem_inner.o
        14          0          0          0          0         80   defsig_rtmem_outer.o
        52         38          0          0          0         76   defsig_rtred_inner.o
        14          0          0          0          0         80   defsig_rtred_outer.o
        18          0          0          0          0         80   exit.o
        76          0          0          0          0         88   fclose.o
         8          0          0          0          0         68   ferror.o
       236          4          0          0          0        128   fopen.o
       248          6          0          0          0         84   fseek.o
        66          0          0          0          0         76   ftell.o
        94          0          0          0          0         80   h1_alloc.o
        52          0          0          0          0         68   h1_extend.o
        78          0          0          0          0         80   h1_free.o
        14          0          0          0          0         84   h1_init.o
         6          0          0          0          0        152   heapauxi.o
         4          0          0          0          0        136   hguard.o
         0          0          0          0          0          0   indicate_semi.o
       138          0          0          0          0        168   init_alloc.o
       312         46          0          0          0        112   initio.o
         2          0          0          0          0          0   libinit.o
        14          0          0          0          0          0   libinit2.o
         2          0          0          0          0          0   libshutdown.o
         6          0          0          0          0          0   libshutdown2.o
         8          4          0          0         96         68   libspace.o
         0          0          0          0          0          0   maybetermalloc1.o
        24          4          0          0          0         84   noretval__2printf.o
         8          4          0          0          0         68   rt_errno_addr_intlibspace.o
         8          4          0          0          0         68   rt_heap_descriptor_intlibspace.o
        78          0          0          0          0         80   rt_memclr_w.o
         2          0          0          0          0          0   rtexit.o
        10          0          0          0          0          0   rtexit2.o
        70          0          0          0          0         80   setvbuf.o
       240          6          0          0          0        156   stdio.o
         0          0          0         12        252          0   stdio_streams.o
        62          0          0          0          0         76   strlen.o
        12          4          0          0          0         68   sys_exit.o
       102          0         12          0          0        240   sys_io.o
        74          0          0          0          0         80   sys_stackheap_outer.o
        14          0          0          0          0         76   sys_wrch.o
         2          0          0          0          0         68   use_no_semi.o
        98          4          0          0          0         92   d2f.o
       688        140          0          0          0        208   ddiv.o
        46          0          0          0          0         68   dflt_clz.o
       340         12          0          0          0        104   dmul.o
       156          4          0          0          0         92   dnaninf.o
        12          0          0          0          0         68   dretinf.o
       430          8          0          0          0        168   faddsub_clz.o
       388         76          0          0          0         96   fdiv.o
        62          4          0          0          0         84   ffixu.o
       140          4          0          0          0         84   fnaninf.o
        10          0          0          0          0         68   fretinf.o
         0          0          0          0          0          0   usenofp.o

    ----------------------------------------------------------------------
      4950        448         12         12        348       4544   Library Totals
        16          0          0          0          0          0   (incl. Padding)

    ----------------------------------------------------------------------

      Code (inc. data)   RO Data    RW Data    ZI Data      Debug   Library Name

      2564        196         12         12        348       3412   c_w.l
      2370        252          0          0          0       1132   fz_ws.l

    ----------------------------------------------------------------------
      4950        448         12         12        348       4544   Library Totals

    ----------------------------------------------------------------------

==============================================================================


      Code (inc. data)   RO Data    RW Data    ZI Data      Debug   

     12402        924        322         52       2180     514668   Grand Totals
     12402        924        322         52       2180     514668   ELF Image Totals
     12402        924        322         52          0          0   ROM Totals

==============================================================================

    Total RO  Size (Code + RO Data)                12724 (  12.43kB)
    Total RW  Size (RW Data + ZI Data)              2232 (   2.18kB)
    Total ROM Size (Code + RO Data + RW Data)      12776 (  12.48kB)

==============================================================================

